Archive member included to satisfy reference by file (symbol)

/home/fgranados/riscv/freedom-e-sdk/bsp/sifive-hifive1-revb/install/lib/debug//libmetal.a(libriscv__mmachine__sifive-hifive1-revb_a-cpu.o)
                              /tmp/ccqwvNLk.o (metal_cpu_get_timer)
/home/fgranados/riscv/freedom-e-sdk/bsp/sifive-hifive1-revb/install/lib/debug//libmetal.a(libriscv__mmachine__sifive-hifive1-revb_a-entry.o)
                              (_enter)
/home/fgranados/riscv/freedom-e-sdk/bsp/sifive-hifive1-revb/install/lib/debug//libmetal.a(libriscv__mmachine__sifive-hifive1-revb_a-interrupt.o)
                              /tmp/ccqwvNLk.o (metal_interrupt_init)
/home/fgranados/riscv/freedom-e-sdk/bsp/sifive-hifive1-revb/install/lib/debug//libmetal.a(libriscv__mmachine__sifive-hifive1-revb_a-inline.o)
                              /home/fgranados/riscv/freedom-e-sdk/bsp/sifive-hifive1-revb/install/lib/debug//libmetal.a(libriscv__mmachine__sifive-hifive1-revb_a-cpu.o) (__metal_dt_clock_0)
/home/fgranados/riscv/freedom-e-sdk/bsp/sifive-hifive1-revb/install/lib/debug//libmetal.a(libriscv__mmachine__sifive-hifive1-revb_a-riscv_clint0.o)
                              /home/fgranados/riscv/freedom-e-sdk/bsp/sifive-hifive1-revb/install/lib/debug//libmetal.a(libriscv__mmachine__sifive-hifive1-revb_a-inline.o) (__metal_driver_vtable_riscv_clint0)
/home/fgranados/riscv/freedom-e-sdk/bsp/sifive-hifive1-revb/install/lib/debug//libmetal.a(libriscv__mmachine__sifive-hifive1-revb_a-riscv_cpu.o)
                              /home/fgranados/riscv/freedom-e-sdk/bsp/sifive-hifive1-revb/install/lib/debug//libmetal.a(libriscv__mmachine__sifive-hifive1-revb_a-inline.o) (__metal_driver_vtable_riscv_cpu_intc)
/home/fgranados/riscv/freedom-e-sdk/bsp/sifive-hifive1-revb/install/lib/debug//libmetal.a(libriscv__mmachine__sifive-hifive1-revb_a-riscv_plic0.o)
                              /home/fgranados/riscv/freedom-e-sdk/bsp/sifive-hifive1-revb/install/lib/debug//libmetal.a(libriscv__mmachine__sifive-hifive1-revb_a-inline.o) (__metal_driver_vtable_riscv_plic0)
/home/fgranados/riscv/freedom-e-sdk/bsp/sifive-hifive1-revb/install/lib/debug//libmetal.a(libriscv__mmachine__sifive-hifive1-revb_a-sifive_fe310-g000_hfrosc.o)
                              /home/fgranados/riscv/freedom-e-sdk/bsp/sifive-hifive1-revb/install/lib/debug//libmetal.a(libriscv__mmachine__sifive-hifive1-revb_a-inline.o) (__metal_driver_vtable_sifive_fe310_g000_hfrosc)
/home/fgranados/riscv/freedom-e-sdk/bsp/sifive-hifive1-revb/install/lib/debug//libmetal.a(libriscv__mmachine__sifive-hifive1-revb_a-sifive_fe310-g000_hfxosc.o)
                              /home/fgranados/riscv/freedom-e-sdk/bsp/sifive-hifive1-revb/install/lib/debug//libmetal.a(libriscv__mmachine__sifive-hifive1-revb_a-inline.o) (__metal_driver_vtable_sifive_fe310_g000_hfxosc)
/home/fgranados/riscv/freedom-e-sdk/bsp/sifive-hifive1-revb/install/lib/debug//libmetal.a(libriscv__mmachine__sifive-hifive1-revb_a-sifive_fe310-g000_pll.o)
                              /home/fgranados/riscv/freedom-e-sdk/bsp/sifive-hifive1-revb/install/lib/debug//libmetal.a(libriscv__mmachine__sifive-hifive1-revb_a-inline.o) (__metal_driver_vtable_sifive_fe310_g000_pll)
/home/fgranados/riscv/freedom-e-sdk/bsp/sifive-hifive1-revb/install/lib/debug//libmetal.a(libriscv__mmachine__sifive-hifive1-revb_a-sifive_fe310-g000_prci.o)
                              /home/fgranados/riscv/freedom-e-sdk/bsp/sifive-hifive1-revb/install/lib/debug//libmetal.a(libriscv__mmachine__sifive-hifive1-revb_a-sifive_fe310-g000_hfrosc.o) (__metal_driver_vtable_sifive_fe310_g000_prci)
/home/fgranados/riscv/freedom-e-sdk/bsp/sifive-hifive1-revb/install/lib/debug//libmetal.a(libriscv__mmachine__sifive-hifive1-revb_a-sifive_gpio-leds.o)
                              /home/fgranados/riscv/freedom-e-sdk/bsp/sifive-hifive1-revb/install/lib/debug//libmetal.a(libriscv__mmachine__sifive-hifive1-revb_a-inline.o) (__metal_driver_vtable_sifive_led)
/home/fgranados/riscv/freedom-e-sdk/bsp/sifive-hifive1-revb/install/lib/debug//libmetal.a(libriscv__mmachine__sifive-hifive1-revb_a-sifive_gpio0.o)
                              /home/fgranados/riscv/freedom-e-sdk/bsp/sifive-hifive1-revb/install/lib/debug//libmetal.a(libriscv__mmachine__sifive-hifive1-revb_a-inline.o) (__metal_driver_vtable_sifive_gpio0)
/home/fgranados/riscv/freedom-e-sdk/bsp/sifive-hifive1-revb/install/lib/debug//libmetal.a(libriscv__mmachine__sifive-hifive1-revb_a-sifive_local-external-interrupts0.o)
                              /home/fgranados/riscv/freedom-e-sdk/bsp/sifive-hifive1-revb/install/lib/debug//libmetal.a(libriscv__mmachine__sifive-hifive1-revb_a-inline.o) (__metal_driver_vtable_sifive_local_external_interrupts0)
/home/fgranados/riscv/freedom-e-sdk/bsp/sifive-hifive1-revb/install/lib/debug//libmetal.a(libriscv__mmachine__sifive-hifive1-revb_a-sifive_spi0.o)
[...]
Memory Configuration

Name             Origin             Length             Attributes
ram              0x0000000080000000 0x0000000000004000 axw !rl
flash            0x0000000020010000 0x000000000006a120 axrl !w
*default*        0x0000000000000000 0xffffffffffffffff

Linker script and memory map

LOAD /tmp/ccqwvNLk.o
START GROUP
LOAD /home/fgranados/riscv/toolchain/bin/../lib/gcc/riscv64-unknown-elf/8.2.0/../../../../riscv64-unknown-elf/lib/rv32imac/ilp32/libc_nano.a
LOAD /home/fgranados/riscv/toolchain/bin/../lib/gcc/riscv64-unknown-elf/8.2.0/rv32imac/ilp32/libgcc.a
LOAD /home/fgranados/riscv/freedom-e-sdk/bsp/sifive-hifive1-revb/install/lib/debug//libmetal.a
LOAD /home/fgranados/riscv/freedom-e-sdk/bsp/sifive-hifive1-revb/install/lib/debug//libmetal-gloss.a
END GROUP
                0x0000000000000400                __stack_size = DEFINED (__stack_size)?__stack_size:0x400
                [!provide]                        PROVIDE (__stack_size = __stack_size)
                0x0000000000000400                __heap_size = DEFINED (__heap_size)?__heap_size:0x400
                0x0000000000000000                PROVIDE (__metal_boot_hart = 0x0)
                0x0000000000000000                PROVIDE (__metal_chicken_bit = 0x0)

.init           0x0000000020010000      0x178
 *(.text.metal.init.enter)
 .text.metal.init.enter
                0x0000000020010000       0x60 /home/fgranados/riscv/freedom-e-sdk/bsp/sifive-hifive1-revb/install/lib/debug//libmetal.a(libriscv__mmachine__sifive-hifive1-revb_a-entry.o)
                0x0000000020010000                _enter
 *(SORT_NONE(.init))
 *(.text.libgloss.start)
 .text.libgloss.start
                0x0000000020010060      0x118 /home/fgranados/riscv/freedom-e-sdk/bsp/sifive-hifive1-revb/install/lib/debug//libmetal-gloss.a(crt0.o)
                0x0000000020010060                _start
                0x0000000020010158                _init
                0x0000000020010158                _fini
                0x000000002001015a                secondary_main

.text           0x0000000020010180     0x23c6
 *(.text.unlikely .text.unlikely.*)
 *(.text.startup .text.startup.*)
 .text.startup.register_fini
                0x0000000020010180       0x18 /home/fgranados/riscv/toolchain/bin/../lib/gcc/riscv64-unknown-elf/8.2.0/../../../../riscv64-unknown-elf/lib/rv32imac/ilp32/libc_nano.a(lib_a-__call_atexit.o)
 *(.text .text.*)
 .text.timer_handler
                0x0000000020010198       0x32 /tmp/ccqwvNLk.o
                0x0000000020010198                timer_handler
 .text.main     0x00000000200101ca      0x128 /tmp/ccqwvNLk.o
                0x00000000200101ca                main
 .text.metal_cpu_get_timer
                0x00000000200102f2       0x2a /home/fgranados/riscv/freedom-e-sdk/bsp/sifive-hifive1-revb/install/lib/debug//libmetal.a(libriscv__mmachine__sifive-hifive1-revb_a-cpu.o)
                0x00000000200102f2                metal_cpu_get_timer
 .text.metal_cpu_get_timebase
                0x000000002001031c       0x2a /home/fgranados/riscv/freedom-e-sdk/bsp/sifive-hifive1-revb/install/lib/debug//libmetal.a(libriscv__mmachine__sifive-hifive1-revb_a-cpu.o)
                0x000000002001031c                metal_cpu_get_timebase
 .text.metal_cpu_set_mtimecmp
                0x0000000020010346       0x36 /home/fgranados/riscv/freedom-e-sdk/bsp/sifive-hifive1-revb/install/lib/debug//libmetal.a(libriscv__mmachine__sifive-hifive1-revb_a-cpu.o)
                0x0000000020010346                metal_cpu_set_mtimecmp
 .text.metal_cpu_timer_interrupt_controller
                0x000000002001037c       0x26 /home/fgranados/riscv/freedom-e-sdk/bsp/sifive-hifive1-revb/install/lib/debug//libmetal.a(libriscv__mmachine__sifive-hifive1-revb_a-cpu.o)
                0x000000002001037c                metal_cpu_timer_interrupt_controller
 .text.metal_cpu_timer_get_interrupt_id
                0x00000000200103a2       0x26 /home/fgranados/riscv/freedom-e-sdk/bsp/sifive-hifive1-revb/install/lib/debug//libmetal.a(libriscv__mmachine__sifive-hifive1-revb_a-cpu.o)
                0x00000000200103a2                metal_cpu_timer_get_interrupt_id
 .text.metal_cpu_interrupt_controller
                0x00000000200103c8       0x26 /home/fgranados/riscv/freedom-e-sdk/bsp/sifive-hifive1-revb/install/lib/debug//libmetal.a(libriscv__mmachine__sifive-hifive1-revb_a-cpu.o)
                0x00000000200103c8                metal_cpu_interrupt_controller
 .text.metal_cpu_get
                0x00000000200103ee       0x30 /home/fgranados/riscv/freedom-e-sdk/bsp/sifive-hifive1-revb/install/lib/debug//libmetal.a(libriscv__mmachine__sifive-hifive1-revb_a-cpu.o)
                0x00000000200103ee                metal_cpu_get
 .text.metal_cpu_get_current_hartid
                0x000000002001041e       0x1a /home/fgranados/riscv/freedom-e-sdk/bsp/sifive-hifive1-revb/install/lib/debug//libmetal.a(libriscv__mmachine__sifive-hifive1-revb_a-cpu.o)
                0x000000002001041e                metal_cpu_get_current_hartid
 .text.metal.init.trapvec
                0x0000000020010438        0xe /home/fgranados/riscv/freedom-e-sdk/bsp/sifive-hifive1-revb/install/lib/debug//libmetal.a(libriscv__mmachine__sifive-hifive1-revb_a-entry.o)
 .text.metal_interrupt_init
                0x0000000020010446       0x22 /home/fgranados/riscv/freedom-e-sdk/bsp/sifive-hifive1-revb/install/lib/debug//libmetal.a(libriscv__mmachine__sifive-hifive1-revb_a-interrupt.o)
                0x0000000020010446                metal_interrupt_init
 .text.metal_interrupt_register_handler
                0x0000000020010468       0x3e /home/fgranados/riscv/freedom-e-sdk/bsp/sifive-hifive1-revb/install/lib/debug//libmetal.a(libriscv__mmachine__sifive-hifive1-revb_a-interrupt.o)
                0x0000000020010468                metal_interrupt_register_handler
 .text.metal_interrupt_enable
                0x00000000200104a6       0x2e /home/fgranados/riscv/freedom-e-sdk/bsp/sifive-hifive1-revb/install/lib/debug//libmetal.a(libriscv__mmachine__sifive-hifive1-revb_a-interrupt.o)
                0x00000000200104a6                metal_interrupt_enable
 .text.__metal_driver_sifive_clint0_control_base
                0x00000000200104d4       0x2a /home/fgranados/riscv/freedom-e-sdk/bsp/sifive-hifive1-revb/install/lib/debug//libmetal.a(libriscv__mmachine__sifive-hifive1-revb_a-riscv_clint0.o)
 .text.__metal_driver_sifive_clint0_num_interrupts
                0x00000000200104fe       0x28 /home/fgranados/riscv/freedom-e-sdk/bsp/sifive-hifive1-revb/install/lib/debug//libmetal.a(libriscv__mmachine__sifive-hifive1-revb_a-riscv_clint0.o)
 .text.__metal_driver_sifive_clint0_interrupt_parents
                0x0000000020010526       0x3c /home/fgranados/riscv/freedom-e-sdk/bsp/sifive-hifive1-revb/install/lib/debug//libmetal.a(libriscv__mmachine__sifive-hifive1-revb_a-riscv_clint0.o)
 .text.__metal_driver_sifive_clint0_interrupt_lines
                0x0000000020010562       0x30 /home/fgranados/riscv/freedom-e-sdk/bsp/sifive-hifive1-revb/install/lib/debug//libmetal.a(libriscv__mmachine__sifive-hifive1-revb_a-riscv_clint0.o)
 .text.__metal_clint0_mtime_get
                0x0000000020010592       0x9a /home/fgranados/riscv/freedom-e-sdk/bsp/sifive-hifive1-revb/install/lib/debug//libmetal.a(libriscv__mmachine__sifive-hifive1-revb_a-riscv_clint0.o)
                0x0000000020010592                __metal_clint0_mtime_get
 .text.__metal_driver_riscv_clint0_mtimecmp_set
                0x000000002001062c       0x96 /home/fgranados/riscv/freedom-e-sdk/bsp/sifive-hifive1-revb/install/lib/debug//libmetal.a(libriscv__mmachine__sifive-hifive1-revb_a-riscv_clint0.o)
                0x000000002001062c                __metal_driver_riscv_clint0_mtimecmp_set
 .text._get_cpu_intc
                0x00000000200106c2       0x30 /home/fgranados/riscv/freedom-e-sdk/bsp/sifive-hifive1-revb/install/lib/debug//libmetal.a(libriscv__mmachine__sifive-hifive1-revb_a-riscv_clint0.o)
 .text.__metal_driver_riscv_clint0_init
                0x00000000200106f2       0x88 /home/fgranados/riscv/freedom-e-sdk/bsp/sifive-hifive1-revb/install/lib/debug//libmetal.a(libriscv__mmachine__sifive-hifive1-revb_a-riscv_clint0.o)
                0x00000000200106f2                __metal_driver_riscv_clint0_init
 .text.__metal_driver_riscv_clint0_register
                0x000000002001077a       0xbc /home/fgranados/riscv/freedom-e-sdk/bsp/sifive-hifive1-revb/install/lib/debug//libmetal.a(libriscv__mmachine__sifive-hifive1-revb_a-riscv_clint0.o)
                0x000000002001077a                __metal_driver_riscv_clint0_register
 .text.__metal_driver_riscv_clint0_enable
                0x0000000020010836       0xb0 /home/fgranados/riscv/freedom-e-sdk/bsp/sifive-hifive1-revb/install/lib/debug//libmetal.a(libriscv__mmachine__sifive-hifive1-revb_a-riscv_clint0.o)
                0x0000000020010836                __metal_driver_riscv_clint0_enable
 .text.__metal_driver_riscv_clint0_disable
                0x00000000200108e6       0xb0 /home/fgranados/riscv/freedom-e-sdk/bsp/sifive-hifive1-revb/install/lib/debug//libmetal.a(libriscv__mmachine__sifive-hifive1-revb_a-riscv_clint0.o)
                0x00000000200108e6                __metal_driver_riscv_clint0_disable
 .text.__metal_driver_riscv_clint0_command_request
                0x0000000020010996      0x132 /home/fgranados/riscv/freedom-e-sdk/bsp/sifive-hifive1-revb/install/lib/debug//libmetal.a(libriscv__mmachine__sifive-hifive1-revb_a-riscv_clint0.o)
                0x0000000020010996                __metal_driver_riscv_clint0_command_request
 .text.__metal_driver_cpu_hartid
                0x0000000020010ac8       0x24 /home/fgranados/riscv/freedom-e-sdk/bsp/sifive-hifive1-revb/install/lib/debug//libmetal.a(libriscv__mmachine__sifive-hifive1-revb_a-riscv_cpu.o)
 .text.__metal_driver_cpu_timebase
                0x0000000020010aec       0x2a /home/fgranados/riscv/freedom-e-sdk/bsp/sifive-hifive1-revb/install/lib/debug//libmetal.a(libriscv__mmachine__sifive-hifive1-revb_a-riscv_cpu.o)
 .text.__metal_driver_cpu_interrupt_controller
                0x0000000020010b16       0x2a /home/fgranados/riscv/freedom-e-sdk/bsp/sifive-hifive1-revb/install/lib/debug//libmetal.a(libriscv__mmachine__sifive-hifive1-revb_a-riscv_cpu.o)
 .text.__metal_driver_cpu_get
                0x0000000020010b40       0x30 /home/fgranados/riscv/freedom-e-sdk/bsp/sifive-hifive1-revb/install/lib/debug//libmetal.a(libriscv__mmachine__sifive-hifive1-revb_a-riscv_cpu.o)
                0x0000000020010b40                __metal_driver_cpu_get
 .text.__metal_myhart_id
                0x0000000020010b70       0x1a /home/fgranados/riscv/freedom-e-sdk/bsp/sifive-hifive1-revb/install/lib/debug//libmetal.a(libriscv__mmachine__sifive-hifive1-revb_a-riscv_cpu.o)
                0x0000000020010b70                __metal_myhart_id
 .text.__metal_interrupt_global_enable
                0x0000000020010b8a       0x18 /home/fgranados/riscv/freedom-e-sdk/bsp/sifive-hifive1-revb/install/lib/debug//libmetal.a(libriscv__mmachine__sifive-hifive1-revb_a-riscv_cpu.o)
                0x0000000020010b8a                __metal_interrupt_global_enable
 .text.__metal_interrupt_global_disable
                0x0000000020010ba2       0x18 /home/fgranados/riscv/freedom-e-sdk/bsp/sifive-hifive1-revb/install/lib/debug//libmetal.a(libriscv__mmachine__sifive-hifive1-revb_a-riscv_cpu.o)
                0x0000000020010ba2                __metal_interrupt_global_disable
 .text.__metal_interrupt_software_enable
                0x0000000020010bba       0x18 /home/fgranados/riscv/freedom-e-sdk/bsp/sifive-hifive1-revb/install/lib/debug//libmetal.a(libriscv__mmachine__sifive-hifive1-revb_a-riscv_cpu.o)
                0x0000000020010bba                __metal_interrupt_software_enable
 .text.__metal_interrupt_software_disable
                0x0000000020010bd2       0x18 /home/fgranados/riscv/freedom-e-sdk/bsp/sifive-hifive1-revb/install/lib/debug//libmetal.a(libriscv__mmachine__sifive-hifive1-revb_a-riscv_cpu.o)
                0x0000000020010bd2                __metal_interrupt_software_disable
 .text.__metal_interrupt_timer_enable
                0x0000000020010bea       0x1a /home/fgranados/riscv/freedom-e-sdk/bsp/sifive-hifive1-revb/install/lib/debug//libmetal.a(libriscv__mmachine__sifive-hifive1-revb_a-riscv_cpu.o)
                0x0000000020010bea                __metal_interrupt_timer_enable
 .text.__metal_interrupt_timer_disable
                0x0000000020010c04       0x1a /home/fgranados/riscv/freedom-e-sdk/bsp/sifive-hifive1-revb/install/lib/debug//libmetal.a(libriscv__mmachine__sifive-hifive1-revb_a-riscv_cpu.o)
                0x0000000020010c04                __metal_interrupt_timer_disable
 .text.__metal_interrupt_external_enable
                0x0000000020010c1e       0x1c /home/fgranados/riscv/freedom-e-sdk/bsp/sifive-hifive1-revb/install/lib/debug//libmetal.a(libriscv__mmachine__sifive-hifive1-revb_a-riscv_cpu.o)
                0x0000000020010c1e                __metal_interrupt_external_enable
 .text.__metal_interrupt_external_disable
                0x0000000020010c3a       0x1c /home/fgranados/riscv/freedom-e-sdk/bsp/sifive-hifive1-revb/install/lib/debug//libmetal.a(libriscv__mmachine__sifive-hifive1-revb_a-riscv_cpu.o)
                0x0000000020010c3a                __metal_interrupt_external_disable
 .text.__metal_interrupt_local_enable
                0x0000000020010c56       0x2c /home/fgranados/riscv/freedom-e-sdk/bsp/sifive-hifive1-revb/install/lib/debug//libmetal.a(libriscv__mmachine__sifive-hifive1-revb_a-riscv_cpu.o)
                0x0000000020010c56                __metal_interrupt_local_enable
 .text.__metal_interrupt_local_disable
                0x0000000020010c82       0x2c /home/fgranados/riscv/freedom-e-sdk/bsp/sifive-hifive1-revb/install/lib/debug//libmetal.a(libriscv__mmachine__sifive-hifive1-revb_a-riscv_cpu.o)
                0x0000000020010c82                __metal_interrupt_local_disable
 .text.__metal_default_exception_handler
                0x0000000020010cae       0x18 /home/fgranados/riscv/freedom-e-sdk/bsp/sifive-hifive1-revb/install/lib/debug//libmetal.a(libriscv__mmachine__sifive-hifive1-revb_a-riscv_cpu.o)
                0x0000000020010cae                __metal_default_exception_handler
 .text.__metal_default_interrupt_handler
                0x0000000020010cc6       0x18 /home/fgranados/riscv/freedom-e-sdk/bsp/sifive-hifive1-revb/install/lib/debug//libmetal.a(libriscv__mmachine__sifive-hifive1-revb_a-riscv_cpu.o)
                0x0000000020010cc6                __metal_default_interrupt_handler
 .text.__metal_default_sw_handler
                0x0000000020010cde       0x68 /home/fgranados/riscv/freedom-e-sdk/bsp/sifive-hifive1-revb/install/lib/debug//libmetal.a(libriscv__mmachine__sifive-hifive1-revb_a-riscv_cpu.o)
                0x0000000020010cde                __metal_default_sw_handler
 .text.__metal_default_timer_handler
                0x0000000020010d46       0x66 /home/fgranados/riscv/freedom-e-sdk/bsp/sifive-hifive1-revb/install/lib/debug//libmetal.a(libriscv__mmachine__sifive-hifive1-revb_a-riscv_cpu.o)
                0x0000000020010d46                __metal_default_timer_handler
 *fill*         0x0000000020010dac       0x54 
 .text.__metal_exception_handler
                0x0000000020010e00      0x176 /home/fgranados/riscv/freedom-e-sdk/bsp/sifive-hifive1-revb/install/lib/debug//libmetal.a(libriscv__mmachine__sifive-hifive1-revb_a-riscv_cpu.o)
                0x0000000020010e00                __metal_exception_handler
 .text.__metal_controller_interrupt_vector
                0x0000000020010f76       0xa6 /home/fgranados/riscv/freedom-e-sdk/bsp/sifive-hifive1-revb/install/lib/debug//libmetal.a(libriscv__mmachine__sifive-hifive1-revb_a-riscv_cpu.o)
                0x0000000020010f76                __metal_controller_interrupt_vector
 .text.__metal_valid_interrupt_id
                0x000000002001101c       0x38 /home/fgranados/riscv/freedom-e-sdk/bsp/sifive-hifive1-revb/install/lib/debug//libmetal.a(libriscv__mmachine__sifive-hifive1-revb_a-riscv_cpu.o)
                0x000000002001101c                __metal_valid_interrupt_id
 .text.__metal_local_interrupt_enable
                0x0000000020011054       0xa2 /home/fgranados/riscv/freedom-e-sdk/bsp/sifive-hifive1-revb/install/lib/debug//libmetal.a(libriscv__mmachine__sifive-hifive1-revb_a-riscv_cpu.o)
                0x0000000020011054                __metal_local_interrupt_enable
 .text.__metal_exception_register
                0x00000000200110f6       0x4e /home/fgranados/riscv/freedom-e-sdk/bsp/sifive-hifive1-revb/install/lib/debug//libmetal.a(libriscv__mmachine__sifive-hifive1-revb_a-riscv_cpu.o)
                0x00000000200110f6                __metal_exception_register
 .text.__metal_driver_riscv_cpu_controller_interrupt_init
                0x0000000020011144      0x13e /home/fgranados/riscv/freedom-e-sdk/bsp/sifive-hifive1-revb/install/lib/debug//libmetal.a(libriscv__mmachine__sifive-hifive1-revb_a-riscv_cpu.o)
                0x0000000020011144                __metal_driver_riscv_cpu_controller_interrupt_init
 .text.__metal_driver_riscv_cpu_controller_interrupt_register
                0x0000000020011282      0x148 /home/fgranados/riscv/freedom-e-sdk/bsp/sifive-hifive1-revb/install/lib/debug//libmetal.a(libriscv__mmachine__sifive-hifive1-revb_a-riscv_cpu.o)
                0x0000000020011282                __metal_driver_riscv_cpu_controller_interrupt_register
 .text.__metal_driver_riscv_cpu_controller_interrupt_enable
                0x00000000200113ca       0x2a /home/fgranados/riscv/freedom-e-sdk/bsp/sifive-hifive1-revb/install/lib/debug//libmetal.a(libriscv__mmachine__sifive-hifive1-revb_a-riscv_cpu.o)
                0x00000000200113ca                __metal_driver_riscv_cpu_controller_interrupt_enable
 .text.__metal_driver_riscv_cpu_controller_interrupt_disable
                0x00000000200113f4       0x2a /home/fgranados/riscv/freedom-e-sdk/bsp/sifive-hifive1-revb/install/lib/debug//libmetal.a(libriscv__mmachine__sifive-hifive1-revb_a-riscv_cpu.o)
                0x00000000200113f4                __metal_driver_riscv_cpu_controller_interrupt_disable
 .text.__metal_driver_riscv_cpu_controller_interrupt_enable_vector
                0x000000002001141e       0x62 /home/fgranados/riscv/freedom-e-sdk/bsp/sifive-hifive1-revb/install/lib/debug//libmetal.a(libriscv__mmachine__sifive-hifive1-revb_a-riscv_cpu.o)
                0x000000002001141e                __metal_driver_riscv_cpu_controller_interrupt_enable_vector
 .text.__metal_driver_riscv_cpu_controller_interrupt_disable_vector
                0x0000000020011480       0x3a /home/fgranados/riscv/freedom-e-sdk/bsp/sifive-hifive1-revb/install/lib/debug//libmetal.a(libriscv__mmachine__sifive-hifive1-revb_a-riscv_cpu.o)
                0x0000000020011480                __metal_driver_riscv_cpu_controller_interrupt_disable_vector
 .text.__metal_driver_riscv_cpu_controller_command_request
                0x00000000200114ba       0x1c /home/fgranados/riscv/freedom-e-sdk/bsp/sifive-hifive1-revb/install/lib/debug//libmetal.a(libriscv__mmachine__sifive-hifive1-revb_a-riscv_cpu.o)
                0x00000000200114ba                __metal_driver_riscv_cpu_controller_command_request
 .text.__metal_driver_cpu_timer_get
                0x00000000200114d6       0x72 /home/fgranados/riscv/freedom-e-sdk/bsp/sifive-hifive1-revb/install/lib/debug//libmetal.a(libriscv__mmachine__sifive-hifive1-revb_a-riscv_cpu.o)
                0x00000000200114d6                __metal_driver_cpu_timer_get
 .text.__metal_driver_cpu_timebase_get
                0x0000000020011548       0x46 /home/fgranados/riscv/freedom-e-sdk/bsp/sifive-hifive1-revb/install/lib/debug//libmetal.a(libriscv__mmachine__sifive-hifive1-revb_a-riscv_cpu.o)
                0x0000000020011548                __metal_driver_cpu_timebase_get
 .text.__metal_driver_cpu_mtime_get
                0x000000002001158e       0x6e /home/fgranados/riscv/freedom-e-sdk/bsp/sifive-hifive1-revb/install/lib/debug//libmetal.a(libriscv__mmachine__sifive-hifive1-revb_a-riscv_cpu.o)
                0x000000002001158e                __metal_driver_cpu_mtime_get
 .text.__metal_driver_cpu_mtimecmp_set
                0x00000000200115fc       0x7e /home/fgranados/riscv/freedom-e-sdk/bsp/sifive-hifive1-revb/install/lib/debug//libmetal.a(libriscv__mmachine__sifive-hifive1-revb_a-riscv_cpu.o)
                0x00000000200115fc                __metal_driver_cpu_mtimecmp_set
 .text.__metal_driver_cpu_timer_controller_interrupt
                0x000000002001167a       0x1a /home/fgranados/riscv/freedom-e-sdk/bsp/sifive-hifive1-revb/install/lib/debug//libmetal.a(libriscv__mmachine__sifive-hifive1-revb_a-riscv_cpu.o)
                0x000000002001167a                __metal_driver_cpu_timer_controller_interrupt
 .text.__metal_driver_cpu_get_timer_interrupt_id
                0x0000000020011694       0x14 /home/fgranados/riscv/freedom-e-sdk/bsp/sifive-hifive1-revb/install/lib/debug//libmetal.a(libriscv__mmachine__sifive-hifive1-revb_a-riscv_cpu.o)
                0x0000000020011694                __metal_driver_cpu_get_timer_interrupt_id
 .text.__metal_driver_cpu_sw_controller_interrupt
                0x00000000200116a8       0x1a /home/fgranados/riscv/freedom-e-sdk/bsp/sifive-hifive1-revb/install/lib/debug//libmetal.a(libriscv__mmachine__sifive-hifive1-revb_a-riscv_cpu.o)
                0x00000000200116a8                __metal_driver_cpu_sw_controller_interrupt
 .text.__metal_driver_cpu_get_sw_interrupt_id
                0x00000000200116c2       0x14 /home/fgranados/riscv/freedom-e-sdk/bsp/sifive-hifive1-revb/install/lib/debug//libmetal.a(libriscv__mmachine__sifive-hifive1-revb_a-riscv_cpu.o)
                0x00000000200116c2                __metal_driver_cpu_get_sw_interrupt_id
 .text.__metal_driver_cpu_set_sw_ipi
                0x00000000200116d6       0x6a /home/fgranados/riscv/freedom-e-sdk/bsp/sifive-hifive1-revb/install/lib/debug//libmetal.a(libriscv__mmachine__sifive-hifive1-revb_a-riscv_cpu.o)
                0x00000000200116d6                __metal_driver_cpu_set_sw_ipi
 .text.__metal_driver_cpu_clear_sw_ipi
                0x0000000020011740       0x6a /home/fgranados/riscv/freedom-e-sdk/bsp/sifive-hifive1-revb/install/lib/debug//libmetal.a(libriscv__mmachine__sifive-hifive1-revb_a-riscv_cpu.o)
                0x0000000020011740                __metal_driver_cpu_clear_sw_ipi
 .text.__metal_driver_cpu_get_msip
                0x00000000200117aa       0x68 /home/fgranados/riscv/freedom-e-sdk/bsp/sifive-hifive1-revb/install/lib/debug//libmetal.a(libriscv__mmachine__sifive-hifive1-revb_a-riscv_cpu.o)
                0x00000000200117aa                __metal_driver_cpu_get_msip
 .text.__metal_driver_cpu_controller_interrupt
                0x0000000020011812       0x20 /home/fgranados/riscv/freedom-e-sdk/bsp/sifive-hifive1-revb/install/lib/debug//libmetal.a(libriscv__mmachine__sifive-hifive1-revb_a-riscv_cpu.o)
                0x0000000020011812                __metal_driver_cpu_controller_interrupt
 .text.__metal_driver_cpu_exception_register
                0x0000000020011832       0x46 /home/fgranados/riscv/freedom-e-sdk/bsp/sifive-hifive1-revb/install/lib/debug//libmetal.a(libriscv__mmachine__sifive-hifive1-revb_a-riscv_cpu.o)
                0x0000000020011832                __metal_driver_cpu_exception_register
 .text.__metal_driver_cpu_get_instruction_length
                0x0000000020011878       0x28 /home/fgranados/riscv/freedom-e-sdk/bsp/sifive-hifive1-revb/install/lib/debug//libmetal.a(libriscv__mmachine__sifive-hifive1-revb_a-riscv_cpu.o)
                0x0000000020011878                __metal_driver_cpu_get_instruction_length
 .text.__metal_driver_cpu_get_exception_pc
                0x00000000200118a0       0x1e /home/fgranados/riscv/freedom-e-sdk/bsp/sifive-hifive1-revb/install/lib/debug//libmetal.a(libriscv__mmachine__sifive-hifive1-revb_a-riscv_cpu.o)
                0x00000000200118a0                __metal_driver_cpu_get_exception_pc
 .text.__metal_driver_cpu_set_exception_pc
                0x00000000200118be       0x20 /home/fgranados/riscv/freedom-e-sdk/bsp/sifive-hifive1-revb/install/lib/debug//libmetal.a(libriscv__mmachine__sifive-hifive1-revb_a-riscv_cpu.o)
                0x00000000200118be                __metal_driver_cpu_set_exception_pc
 .text.__metal_driver_sifive_fe310_g000_hfrosc_ref
                0x00000000200118de       0x1a /home/fgranados/riscv/freedom-e-sdk/bsp/sifive-hifive1-revb/install/lib/debug//libmetal.a(libriscv__mmachine__sifive-hifive1-revb_a-sifive_fe310-g000_hfrosc.o)
 .text.__metal_driver_sifive_fe310_g000_hfrosc_config_base
                0x00000000200118f8       0x1a /home/fgranados/riscv/freedom-e-sdk/bsp/sifive-hifive1-revb/install/lib/debug//libmetal.a(libriscv__mmachine__sifive-hifive1-revb_a-sifive_fe310-g000_hfrosc.o)
 .text.__metal_driver_sifive_fe310_g000_hfrosc_config_offset
                0x0000000020011912       0x14 /home/fgranados/riscv/freedom-e-sdk/bsp/sifive-hifive1-revb/install/lib/debug//libmetal.a(libriscv__mmachine__sifive-hifive1-revb_a-sifive_fe310-g000_hfrosc.o)
 .text.__metal_driver_sifive_fe310_g000_prci_vtable
                0x0000000020011926       0x12 /home/fgranados/riscv/freedom-e-sdk/bsp/sifive-hifive1-revb/install/lib/debug//libmetal.a(libriscv__mmachine__sifive-hifive1-revb_a-sifive_fe310-g000_hfrosc.o)
 .text.__metal_driver_sifive_fe310_g000_hfrosc_get_rate_hz
                0x0000000020011938       0x68 /home/fgranados/riscv/freedom-e-sdk/bsp/sifive-hifive1-revb/install/lib/debug//libmetal.a(libriscv__mmachine__sifive-hifive1-revb_a-sifive_fe310-g000_hfrosc.o)
                0x0000000020011938                __metal_driver_sifive_fe310_g000_hfrosc_get_rate_hz
 .text.__metal_driver_sifive_fe310_g000_hfrosc_set_rate_hz
                0x00000000200119a0       0x22 /home/fgranados/riscv/freedom-e-sdk/bsp/sifive-hifive1-revb/install/lib/debug//libmetal.a(libriscv__mmachine__sifive-hifive1-revb_a-sifive_fe310-g000_hfrosc.o)
                0x00000000200119a0                __metal_driver_sifive_fe310_g000_hfrosc_set_rate_hz
 .text.__metal_driver_sifive_fe310_g000_hfxosc_ref
                0x00000000200119c2       0x1a /home/fgranados/riscv/freedom-e-sdk/bsp/sifive-hifive1-revb/install/lib/debug//libmetal.a(libriscv__mmachine__sifive-hifive1-revb_a-sifive_fe310-g000_hfxosc.o)
 .text.__metal_driver_sifive_fe310_g000_hfxosc_config_base
                0x00000000200119dc       0x1a /home/fgranados/riscv/freedom-e-sdk/bsp/sifive-hifive1-revb/install/lib/debug//libmetal.a(libriscv__mmachine__sifive-hifive1-revb_a-sifive_fe310-g000_hfxosc.o)
 .text.__metal_driver_sifive_fe310_g000_hfxosc_config_offset
                0x00000000200119f6       0x14 /home/fgranados/riscv/freedom-e-sdk/bsp/sifive-hifive1-revb/install/lib/debug//libmetal.a(libriscv__mmachine__sifive-hifive1-revb_a-sifive_fe310-g000_hfxosc.o)
 .text.__metal_driver_sifive_fe310_g000_prci_vtable
                0x0000000020011a0a       0x12 /home/fgranados/riscv/freedom-e-sdk/bsp/sifive-hifive1-revb/install/lib/debug//libmetal.a(libriscv__mmachine__sifive-hifive1-revb_a-sifive_fe310-g000_hfxosc.o)
 .text.__metal_driver_sifive_fe310_g000_hfxosc_get_rate_hz
                0x0000000020011a1c       0x58 /home/fgranados/riscv/freedom-e-sdk/bsp/sifive-hifive1-revb/install/lib/debug//libmetal.a(libriscv__mmachine__sifive-hifive1-revb_a-sifive_fe310-g000_hfxosc.o)
                0x0000000020011a1c                __metal_driver_sifive_fe310_g000_hfxosc_get_rate_hz
 .text.__metal_driver_sifive_fe310_g000_hfxosc_set_rate_hz
                0x0000000020011a74       0x22 /home/fgranados/riscv/freedom-e-sdk/bsp/sifive-hifive1-revb/install/lib/debug//libmetal.a(libriscv__mmachine__sifive-hifive1-revb_a-sifive_fe310-g000_hfxosc.o)
                0x0000000020011a74                __metal_driver_sifive_fe310_g000_hfxosc_set_rate_hz
 .text.__metal_driver_sifive_fe310_g000_pll_pllsel0
                0x0000000020011a96       0x1a /home/fgranados/riscv/freedom-e-sdk/bsp/sifive-hifive1-revb/install/lib/debug//libmetal.a(libriscv__mmachine__sifive-hifive1-revb_a-sifive_fe310-g000_pll.o)
 .text.__metal_driver_sifive_fe310_g000_pll_pllref
                0x0000000020011ab0       0x1a /home/fgranados/riscv/freedom-e-sdk/bsp/sifive-hifive1-revb/install/lib/debug//libmetal.a(libriscv__mmachine__sifive-hifive1-revb_a-sifive_fe310-g000_pll.o)
 .text.__metal_driver_sifive_fe310_g000_pll_divider_base
                0x0000000020011aca       0x1a /home/fgranados/riscv/freedom-e-sdk/bsp/sifive-hifive1-revb/install/lib/debug//libmetal.a(libriscv__mmachine__sifive-hifive1-revb_a-sifive_fe310-g000_pll.o)
 .text.__metal_driver_sifive_fe310_g000_pll_divider_offset
                0x0000000020011ae4       0x14 /home/fgranados/riscv/freedom-e-sdk/bsp/sifive-hifive1-revb/install/lib/debug//libmetal.a(libriscv__mmachine__sifive-hifive1-revb_a-sifive_fe310-g000_pll.o)
 .text.__metal_driver_sifive_fe310_g000_pll_config_base
                0x0000000020011af8       0x16 /home/fgranados/riscv/freedom-e-sdk/bsp/sifive-hifive1-revb/install/lib/debug//libmetal.a(libriscv__mmachine__sifive-hifive1-revb_a-sifive_fe310-g000_pll.o)
 .text.__metal_driver_sifive_fe310_g000_pll_config_offset
                0x0000000020011b0e       0x10 /home/fgranados/riscv/freedom-e-sdk/bsp/sifive-hifive1-revb/install/lib/debug//libmetal.a(libriscv__mmachine__sifive-hifive1-revb_a-sifive_fe310-g000_pll.o)
 .text.__metal_driver_sifive_fe310_g000_pll_init_rate
                0x0000000020011b1e       0x16 /home/fgranados/riscv/freedom-e-sdk/bsp/sifive-hifive1-revb/install/lib/debug//libmetal.a(libriscv__mmachine__sifive-hifive1-revb_a-sifive_fe310-g000_pll.o)
 .text.__metal_driver_sifive_fe310_g000_prci_base
                0x0000000020011b34       0x12 /home/fgranados/riscv/freedom-e-sdk/bsp/sifive-hifive1-revb/install/lib/debug//libmetal.a(libriscv__mmachine__sifive-hifive1-revb_a-sifive_fe310-g000_pll.o)
 .text.__metal_driver_sifive_fe310_g000_prci_vtable
                0x0000000020011b46       0x12 /home/fgranados/riscv/freedom-e-sdk/bsp/sifive-hifive1-revb/install/lib/debug//libmetal.a(libriscv__mmachine__sifive-hifive1-revb_a-sifive_fe310-g000_pll.o)
 .text.get_pll_config_freq
                0x0000000020011b58       0x4e /home/fgranados/riscv/freedom-e-sdk/bsp/sifive-hifive1-revb/install/lib/debug//libmetal.a(libriscv__mmachine__sifive-hifive1-revb_a-sifive_fe310-g000_pll.o)
 .text.metal_sifive_fe310_g000_pll_init
                0x0000000020011ba6       0x28 /home/fgranados/riscv/freedom-e-sdk/bsp/sifive-hifive1-revb/install/lib/debug//libmetal.a(libriscv__mmachine__sifive-hifive1-revb_a-sifive_fe310-g000_pll.o)
 .text.__metal_driver_sifive_fe310_g000_pll_init
                0x0000000020011bce       0xbc /home/fgranados/riscv/freedom-e-sdk/bsp/sifive-hifive1-revb/install/lib/debug//libmetal.a(libriscv__mmachine__sifive-hifive1-revb_a-sifive_fe310-g000_pll.o)
                0x0000000020011bce                __metal_driver_sifive_fe310_g000_pll_init
 .text.__metal_driver_sifive_fe310_g000_pll_get_rate_hz
                0x0000000020011c8a      0x16c /home/fgranados/riscv/freedom-e-sdk/bsp/sifive-hifive1-revb/install/lib/debug//libmetal.a(libriscv__mmachine__sifive-hifive1-revb_a-sifive_fe310-g000_pll.o)
                0x0000000020011c8a                __metal_driver_sifive_fe310_g000_pll_get_rate_hz
 .text.find_closest_config
                0x0000000020011df6       0xa8 /home/fgranados/riscv/freedom-e-sdk/bsp/sifive-hifive1-revb/install/lib/debug//libmetal.a(libriscv__mmachine__sifive-hifive1-revb_a-sifive_fe310-g000_pll.o)
 .text.configure_pll
                0x0000000020011e9e      0x132 /home/fgranados/riscv/freedom-e-sdk/bsp/sifive-hifive1-revb/install/lib/debug//libmetal.a(libriscv__mmachine__sifive-hifive1-revb_a-sifive_fe310-g000_pll.o)
 .text.__metal_driver_sifive_fe310_g000_pll_set_rate_hz
                0x0000000020011fd0      0x154 /home/fgranados/riscv/freedom-e-sdk/bsp/sifive-hifive1-revb/install/lib/debug//libmetal.a(libriscv__mmachine__sifive-hifive1-revb_a-sifive_fe310-g000_pll.o)
                0x0000000020011fd0                __metal_driver_sifive_fe310_g000_pll_set_rate_hz
 .text.use_hfxosc
                0x0000000020012124       0x28 /home/fgranados/riscv/freedom-e-sdk/bsp/sifive-hifive1-revb/install/lib/debug//libmetal.a(libriscv__mmachine__sifive-hifive1-revb_a-sifive_fe310-g000_pll.o)
 .text.__metal_driver_sifive_fe310_g000_prci_base
                0x000000002001214c       0x12 /home/fgranados/riscv/freedom-e-sdk/bsp/sifive-hifive1-revb/install/lib/debug//libmetal.a(libriscv__mmachine__sifive-hifive1-revb_a-sifive_fe310-g000_prci.o)
 .text.__metal_driver_sifive_fe310_g000_prci_get_reg
                0x000000002001215e       0x2e /home/fgranados/riscv/freedom-e-sdk/bsp/sifive-hifive1-revb/install/lib/debug//libmetal.a(libriscv__mmachine__sifive-hifive1-revb_a-sifive_fe310-g000_prci.o)
                0x000000002001215e                __metal_driver_sifive_fe310_g000_prci_get_reg
 .text.__metal_driver_sifive_fe310_g000_prci_set_reg
                0x000000002001218c       0x38 /home/fgranados/riscv/freedom-e-sdk/bsp/sifive-hifive1-revb/install/lib/debug//libmetal.a(libriscv__mmachine__sifive-hifive1-revb_a-sifive_fe310-g000_prci.o)
                0x000000002001218c                __metal_driver_sifive_fe310_g000_prci_set_reg
 .text.metal_clock_get_rate_hz
                0x00000000200121c4       0x26 /home/fgranados/riscv/freedom-e-sdk/bsp/sifive-hifive1-revb/install/lib/debug//libmetal.a(libriscv__mmachine__sifive-hifive1-revb_a-clock.o)
                0x00000000200121c4                metal_clock_get_rate_hz
 .text.metal_clock_set_rate_hz
                0x00000000200121ea       0x64 /home/fgranados/riscv/freedom-e-sdk/bsp/sifive-hifive1-revb/install/lib/debug//libmetal.a(libriscv__mmachine__sifive-hifive1-revb_a-clock.o)
                0x00000000200121ea                metal_clock_set_rate_hz
 .text.metal_shutdown
                0x000000002001224e        0xe /home/fgranados/riscv/freedom-e-sdk/bsp/sifive-hifive1-revb/install/lib/debug//libmetal.a(libriscv__mmachine__sifive-hifive1-revb_a-shutdown.o)
                0x000000002001224e                metal_shutdown
 .text.__metal_driver_fixed_clock_rate
                0x000000002001225c       0x62 /home/fgranados/riscv/freedom-e-sdk/bsp/sifive-hifive1-revb/install/lib/debug//libmetal.a(libriscv__mmachine__sifive-hifive1-revb_a-fixed-clock.o)
 .text.__metal_driver_fixed_clock_get_rate_hz
                0x00000000200122be       0x1e /home/fgranados/riscv/freedom-e-sdk/bsp/sifive-hifive1-revb/install/lib/debug//libmetal.a(libriscv__mmachine__sifive-hifive1-revb_a-fixed-clock.o)
                0x00000000200122be                __metal_driver_fixed_clock_get_rate_hz
 .text.__metal_driver_fixed_clock_set_rate_hz
                0x00000000200122dc       0x22 /home/fgranados/riscv/freedom-e-sdk/bsp/sifive-hifive1-revb/install/lib/debug//libmetal.a(libriscv__mmachine__sifive-hifive1-revb_a-fixed-clock.o)
                0x00000000200122dc                __metal_driver_fixed_clock_set_rate_hz
 .text._synchronize_harts
                0x00000000200122fe        0xe /home/fgranados/riscv/freedom-e-sdk/bsp/sifive-hifive1-revb/install/lib/debug//libmetal-gloss.a(synchronize_harts.o)
                0x00000000200122fe                _synchronize_harts
 .text.atexit   0x000000002001230c        0xa /home/fgranados/riscv/toolchain/bin/../lib/gcc/riscv64-unknown-elf/8.2.0/../../../../riscv64-unknown-elf/lib/rv32imac/ilp32/libc_nano.a(lib_a-atexit.o)
                0x000000002001230c                atexit
 .text.exit     0x0000000020012316       0x26 /home/fgranados/riscv/toolchain/bin/../lib/gcc/riscv64-unknown-elf/8.2.0/../../../../riscv64-unknown-elf/lib/rv32imac/ilp32/libc_nano.a(lib_a-exit.o)
                0x0000000020012316                exit
 .text.__libc_fini_array
                0x000000002001233c       0x3a /home/fgranados/riscv/toolchain/bin/../lib/gcc/riscv64-unknown-elf/8.2.0/../../../../riscv64-unknown-elf/lib/rv32imac/ilp32/libc_nano.a(lib_a-fini.o)
                0x000000002001233c                __libc_fini_array
 .text.__libc_init_array
                0x0000000020012376       0x6e /home/fgranados/riscv/toolchain/bin/../lib/gcc/riscv64-unknown-elf/8.2.0/../../../../riscv64-unknown-elf/lib/rv32imac/ilp32/libc_nano.a(lib_a-init.o)
                0x0000000020012376                __libc_init_array
 .text.__register_exitproc
                0x00000000200123e4       0x88 /home/fgranados/riscv/toolchain/bin/../lib/gcc/riscv64-unknown-elf/8.2.0/../../../../riscv64-unknown-elf/lib/rv32imac/ilp32/libc_nano.a(lib_a-__atexit.o)
                0x00000000200123e4                __register_exitproc
 .text.__call_exitprocs
                0x000000002001246c       0xc8 /home/fgranados/riscv/toolchain/bin/../lib/gcc/riscv64-unknown-elf/8.2.0/../../../../riscv64-unknown-elf/lib/rv32imac/ilp32/libc_nano.a(lib_a-__call_atexit.o)
                0x000000002001246c                __call_exitprocs
 .text._exit    0x0000000020012534       0x12 /home/fgranados/riscv/freedom-e-sdk/bsp/sifive-hifive1-revb/install/lib/debug//libmetal-gloss.a(sys_exit.o)
                0x0000000020012534                _exit
 *(.itim .itim.*)
 *(.gnu.linkonce.t.*)

.fini
 *(SORT_NONE(.fini))
                [!provide]                        PROVIDE (__etext = .)
                [!provide]                        PROVIDE (_etext = .)
                [!provide]                        PROVIDE (etext = .)

.rodata         0x0000000020012548      0xa88
 *(.rdata)
 *(.rodata .rodata.*)
 .rodata.__metal_driver_vtable_riscv_clint0
                0x0000000020012548       0x20 /home/fgranados/riscv/freedom-e-sdk/bsp/sifive-hifive1-revb/install/lib/debug//libmetal.a(libriscv__mmachine__sifive-hifive1-revb_a-riscv_clint0.o)
                0x0000000020012548                __metal_driver_vtable_riscv_clint0
 .rodata.__metal_valid_interrupt_id
                0x0000000020012568       0x74 /home/fgranados/riscv/freedom-e-sdk/bsp/sifive-hifive1-revb/install/lib/debug//libmetal.a(libriscv__mmachine__sifive-hifive1-revb_a-riscv_cpu.o)
 .rodata.__metal_local_interrupt_enable
                0x00000000200125dc       0x80 /home/fgranados/riscv/freedom-e-sdk/bsp/sifive-hifive1-revb/install/lib/debug//libmetal.a(libriscv__mmachine__sifive-hifive1-revb_a-riscv_cpu.o)
 .rodata.__metal_driver_riscv_cpu_controller_interrupt_register
                0x000000002001265c       0x74 /home/fgranados/riscv/freedom-e-sdk/bsp/sifive-hifive1-revb/install/lib/debug//libmetal.a(libriscv__mmachine__sifive-hifive1-revb_a-riscv_cpu.o)
 .rodata.__metal_driver_vtable_riscv_cpu_intc
                0x00000000200126d0       0x20 /home/fgranados/riscv/freedom-e-sdk/bsp/sifive-hifive1-revb/install/lib/debug//libmetal.a(libriscv__mmachine__sifive-hifive1-revb_a-riscv_cpu.o)
                0x00000000200126d0                __metal_driver_vtable_riscv_cpu_intc
 .rodata.__metal_driver_vtable_cpu
                0x00000000200126f0       0x40 /home/fgranados/riscv/freedom-e-sdk/bsp/sifive-hifive1-revb/install/lib/debug//libmetal.a(libriscv__mmachine__sifive-hifive1-revb_a-riscv_cpu.o)
                0x00000000200126f0                __metal_driver_vtable_cpu
 .rodata.pll_configs
                0x0000000020012730      0x880 /home/fgranados/riscv/freedom-e-sdk/bsp/sifive-hifive1-revb/install/lib/debug//libmetal.a(libriscv__mmachine__sifive-hifive1-revb_a-sifive_fe310-g000_pll.o)
 .rodata.__metal_driver_vtable_sifive_fe310_g000_pll
                0x0000000020012fb0        0xc /home/fgranados/riscv/freedom-e-sdk/bsp/sifive-hifive1-revb/install/lib/debug//libmetal.a(libriscv__mmachine__sifive-hifive1-revb_a-sifive_fe310-g000_pll.o)
                0x0000000020012fb0                __metal_driver_vtable_sifive_fe310_g000_pll
 .rodata.libgloss.start
                0x0000000020012fbc       0x11 /home/fgranados/riscv/freedom-e-sdk/bsp/sifive-hifive1-revb/install/lib/debug//libmetal-gloss.a(crt0.o)
 *(.gnu.linkonce.r.*)
                0x0000000020012fd0                . = ALIGN (0x8)
 *fill*         0x0000000020012fcd        0x3 
 *(.srodata.cst16)
 *(.srodata.cst8)
 *(.srodata.cst4)
 *(.srodata.cst2)
 *(.srodata .srodata.*)

.rela.dyn       0x0000000020012fd0        0x0
 .rela.text.timer_handler
                0x0000000020012fd0        0x0 /tmp/ccqwvNLk.o
 .rela.text.main
                0x0000000020012fd0        0x0 /tmp/ccqwvNLk.o
 .rela.text.metal_cpu_get
                0x0000000020012fd0        0x0 /tmp/ccqwvNLk.o
 .rela.text.metal.init.enter
                0x0000000020012fd0        0x0 /tmp/ccqwvNLk.o
 .rela.text.__metal_driver_cpu_get
                0x0000000020012fd0        0x0 /tmp/ccqwvNLk.o
 .rela.text.__metal_default_sw_handler
                0x0000000020012fd0        0x0 /tmp/ccqwvNLk.o
 .rela.text.__metal_exception_handler
                0x0000000020012fd0        0x0 /tmp/ccqwvNLk.o
 .rela.text.libgloss.start
                0x0000000020012fd0        0x0 /tmp/ccqwvNLk.o
 .rela.text.__libc_fini_array
                0x0000000020012fd0        0x0 /tmp/ccqwvNLk.o
 .rela.data.impure_data
                0x0000000020012fd0        0x0 /tmp/ccqwvNLk.o
 .rela.text.__libc_init_array
                0x0000000020012fd0        0x0 /tmp/ccqwvNLk.o
 .rela.text.__register_exitproc
                0x0000000020012fd0        0x0 /tmp/ccqwvNLk.o
 .rela.text.startup.register_fini
                0x0000000020012fd0        0x0 /tmp/ccqwvNLk.o
                0x0000000020012fd0                . = ALIGN (0x4)

.preinit_array  0x0000000020012fd0        0x0
                0x0000000020012fd0                PROVIDE (__preinit_array_start = .)
 *(.preinit_array)
                0x0000000020012fd0                PROVIDE (__preinit_array_end = .)

.init_array     0x0000000020012fd0        0xc
                0x0000000020012fd0                PROVIDE (__init_array_start = .)
 *(SORT_BY_INIT_PRIORITY(.init_array.*) SORT_BY_INIT_PRIORITY(.ctors.*))
 .init_array.00000
                0x0000000020012fd0        0x4 /home/fgranados/riscv/toolchain/bin/../lib/gcc/riscv64-unknown-elf/8.2.0/../../../../riscv64-unknown-elf/lib/rv32imac/ilp32/libc_nano.a(lib_a-__call_atexit.o)
 *(.init_array EXCLUDE_FILE(*crtend?.o *crtend.o *crtbegin?.o *crtbegin.o) .ctors)
 .init_array    0x0000000020012fd4        0x8 /home/fgranados/riscv/freedom-e-sdk/bsp/sifive-hifive1-revb/install/lib/debug//libmetal.a(libriscv__mmachine__sifive-hifive1-revb_a-sifive_fe310-g000_pll.o)
                0x0000000020012fdc                PROVIDE (__init_array_end = .)

.fini_array     0x0000000020012fdc        0x0
                0x0000000020012fdc                PROVIDE (__fini_array_start = .)
 *(SORT_BY_INIT_PRIORITY(.fini_array.*) SORT_BY_INIT_PRIORITY(.dtors.*))
 *(.fini_array EXCLUDE_FILE(*crtend?.o *crtend.o *crtbegin?.o *crtbegin.o) .dtors)
                0x0000000020012fdc                PROVIDE (__fini_array_end = .)

.ctors
 *crtbegin.o(.ctors)
 *crtbegin?.o(.ctors)
 *(EXCLUDE_FILE(*crtend?.o *crtend.o) .ctors)
 *(SORT_BY_NAME(.ctors.*))
 *(.ctors)

.dtors
 *crtbegin.o(.dtors)
 *crtbegin?.o(.dtors)
 *(EXCLUDE_FILE(*crtend?.o *crtend.o) .dtors)
 *(SORT_BY_NAME(.dtors.*))
 *(.dtors)

.litimalign     0x0000000020012fdc        0x0
                0x0000000020012fdc                . = ALIGN (0x4)
                0x0000000020012fdc                PROVIDE (metal_segment_itim_source_start = .)

.ditimalign     0x0000000080000000        0x0 load address 0x0000000020012fdc
                0x0000000080000000                . = ALIGN (0x4)
                0x0000000080000000                PROVIDE (metal_segment_itim_target_start = .)

.itim
 *(.itim .itim.*)
                0x0000000080000000                . = ALIGN (0x8)
                0x0000000080000000                PROVIDE (metal_segment_itim_target_end = .)

.lalign         0x0000000020012fdc        0x0
                0x0000000020012fdc                . = ALIGN (0x4)
                [!provide]                        PROVIDE (_data_lma = .)
                0x0000000020012fdc                PROVIDE (metal_segment_data_source_start = .)

.dalign         0x0000000080000000        0x0 load address 0x0000000020012fdc
                0x0000000080000000                . = ALIGN (0x4)
                0x0000000080000000                PROVIDE (metal_segment_data_target_start = .)

.data           0x0000000080000000      0x4cc load address 0x0000000020012fdc
 *(.data .data.*)
 .data.__metal_dt_clock_0
                0x0000000080000000       0x14 /home/fgranados/riscv/freedom-e-sdk/bsp/sifive-hifive1-revb/install/lib/debug//libmetal.a(libriscv__mmachine__sifive-hifive1-revb_a-inline.o)
                0x0000000080000000                __metal_dt_clock_0
 .data.__metal_dt_clock_2
                0x0000000080000014       0x14 /home/fgranados/riscv/freedom-e-sdk/bsp/sifive-hifive1-revb/install/lib/debug//libmetal.a(libriscv__mmachine__sifive-hifive1-revb_a-inline.o)
                0x0000000080000014                __metal_dt_clock_2
 .data.__metal_dt_clock_5
                0x0000000080000028       0x14 /home/fgranados/riscv/freedom-e-sdk/bsp/sifive-hifive1-revb/install/lib/debug//libmetal.a(libriscv__mmachine__sifive-hifive1-revb_a-inline.o)
                0x0000000080000028                __metal_dt_clock_5
 *fill*         0x000000008000003c        0x4 
 .data.__metal_dt_cpu_0_interrupt_controller
                0x0000000080000040      0x3b8 /home/fgranados/riscv/freedom-e-sdk/bsp/sifive-hifive1-revb/install/lib/debug//libmetal.a(libriscv__mmachine__sifive-hifive1-revb_a-inline.o)
                0x0000000080000040                __metal_dt_cpu_0_interrupt_controller
 .data.__metal_dt_clock_3
                0x00000000800003f8       0x14 /home/fgranados/riscv/freedom-e-sdk/bsp/sifive-hifive1-revb/install/lib/debug//libmetal.a(libriscv__mmachine__sifive-hifive1-revb_a-inline.o)
                0x00000000800003f8                __metal_dt_clock_3
 .data.__metal_dt_clock_1
                0x000000008000040c       0x14 /home/fgranados/riscv/freedom-e-sdk/bsp/sifive-hifive1-revb/install/lib/debug//libmetal.a(libriscv__mmachine__sifive-hifive1-revb_a-inline.o)
                0x000000008000040c                __metal_dt_clock_1
 .data.__metal_dt_clock_4
                0x0000000080000420       0x14 /home/fgranados/riscv/freedom-e-sdk/bsp/sifive-hifive1-revb/install/lib/debug//libmetal.a(libriscv__mmachine__sifive-hifive1-revb_a-inline.o)
                0x0000000080000420                __metal_dt_clock_4
 .data.impure_data
                0x0000000080000434       0x60 /home/fgranados/riscv/toolchain/bin/../lib/gcc/riscv64-unknown-elf/8.2.0/../../../../riscv64-unknown-elf/lib/rv32imac/ilp32/libc_nano.a(lib_a-impure.o)
 *(.gnu.linkonce.d.*)
                0x0000000080000498                . = ALIGN (0x8)
 *fill*         0x0000000080000494        0x4 
                0x0000000080000c98                PROVIDE (__global_pointer$ = (. + 0x800))
 *(.sdata .sdata.* .sdata2.*)
 .sdata.__metal_cpu_table
                0x0000000080000498        0x4 /home/fgranados/riscv/freedom-e-sdk/bsp/sifive-hifive1-revb/install/lib/debug//libmetal.a(libriscv__mmachine__sifive-hifive1-revb_a-cpu.o)
                0x0000000080000498                __metal_cpu_table
 .sdata.__metal_dt_clint_2000000
                0x000000008000049c        0x8 /home/fgranados/riscv/freedom-e-sdk/bsp/sifive-hifive1-revb/install/lib/debug//libmetal.a(libriscv__mmachine__sifive-hifive1-revb_a-inline.o)
                0x000000008000049c                __metal_dt_clint_2000000
 .sdata.__metal_dt_cpu_0
                0x00000000800004a4        0x4 /home/fgranados/riscv/freedom-e-sdk/bsp/sifive-hifive1-revb/install/lib/debug//libmetal.a(libriscv__mmachine__sifive-hifive1-revb_a-inline.o)
                0x00000000800004a4                __metal_dt_cpu_0
 .sdata2.__metal_driver_vtable_sifive_fe310_g000_hfrosc
                0x00000000800004a8        0x8 /home/fgranados/riscv/freedom-e-sdk/bsp/sifive-hifive1-revb/install/lib/debug//libmetal.a(libriscv__mmachine__sifive-hifive1-revb_a-sifive_fe310-g000_hfrosc.o)
                0x00000000800004a8                __metal_driver_vtable_sifive_fe310_g000_hfrosc
 .sdata2.__metal_driver_vtable_sifive_fe310_g000_hfxosc
                0x00000000800004b0        0x8 /home/fgranados/riscv/freedom-e-sdk/bsp/sifive-hifive1-revb/install/lib/debug//libmetal.a(libriscv__mmachine__sifive-hifive1-revb_a-sifive_fe310-g000_hfxosc.o)
                0x00000000800004b0                __metal_driver_vtable_sifive_fe310_g000_hfxosc
 .sdata2.__metal_driver_vtable_sifive_fe310_g000_prci
                0x00000000800004b8        0x8 /home/fgranados/riscv/freedom-e-sdk/bsp/sifive-hifive1-revb/install/lib/debug//libmetal.a(libriscv__mmachine__sifive-hifive1-revb_a-sifive_fe310-g000_prci.o)
                0x00000000800004b8                __metal_driver_vtable_sifive_fe310_g000_prci
 .sdata2.__metal_driver_vtable_fixed_clock
                0x00000000800004c0        0x8 /home/fgranados/riscv/freedom-e-sdk/bsp/sifive-hifive1-revb/install/lib/debug//libmetal.a(libriscv__mmachine__sifive-hifive1-revb_a-fixed-clock.o)
                0x00000000800004c0                __metal_driver_vtable_fixed_clock
 .sdata2._global_impure_ptr
                0x00000000800004c8        0x4 /home/fgranados/riscv/toolchain/bin/../lib/gcc/riscv64-unknown-elf/8.2.0/../../../../riscv64-unknown-elf/lib/rv32imac/ilp32/libc_nano.a(lib_a-impure.o)
                0x00000000800004c8                _global_impure_ptr
 *(.gnu.linkonce.s.*)
                0x00000000800004cc                . = ALIGN (0x4)
                [!provide]                        PROVIDE (_edata = .)
                [!provide]                        PROVIDE (edata = .)
                0x00000000800004cc                PROVIDE (metal_segment_data_target_end = .)
                [!provide]                        PROVIDE (_fbss = .)
                [!provide]                        PROVIDE (__bss_start = .)
                0x00000000800004cc                PROVIDE (metal_segment_bss_target_start = .)

.bss            0x00000000800004cc       0x94
 *(.sbss*)
 .sbss._global_atexit
                0x00000000800004cc        0x4 /home/fgranados/riscv/toolchain/bin/../lib/gcc/riscv64-unknown-elf/8.2.0/../../../../riscv64-unknown-elf/lib/rv32imac/ilp32/libc_nano.a(lib_a-__call_atexit.o)
                0x00000000800004cc                _global_atexit
 *(.gnu.linkonce.sb.*)
 *(.bss .bss.*)
 .bss.__metal_dt_prci_10008000
                0x00000000800004d0        0x0 /home/fgranados/riscv/freedom-e-sdk/bsp/sifive-hifive1-revb/install/lib/debug//libmetal.a(libriscv__mmachine__sifive-hifive1-revb_a-inline.o)
                0x00000000800004d0                __metal_dt_prci_10008000
 .bss._global_atexit0
                0x00000000800004d0       0x8c /home/fgranados/riscv/toolchain/bin/../lib/gcc/riscv64-unknown-elf/8.2.0/../../../../riscv64-unknown-elf/lib/rv32imac/ilp32/libc_nano.a(lib_a-__atexit.o)
 *(.gnu.linkonce.b.*)
 *(COMMON)
 COMMON         0x000000008000055c        0x4 /tmp/ccqwvNLk.o
                0x000000008000055c                intr_count
                0x0000000080000560                . = ALIGN (0x4)
                0x0000000080000560                . = ALIGN (0x8)
                [!provide]                        PROVIDE (_end = .)
                [!provide]                        PROVIDE (end = .)
                0x0000000080000560                PROVIDE (metal_segment_bss_target_end = .)

.stack          0x0000000080000560      0x400
                [!provide]                        PROVIDE (metal_segment_stack_begin = .)
                0x0000000000000400                . = __stack_size
 *fill*         0x0000000080000560      0x400 
                0x0000000080000960                PROVIDE (_sp = .)
                [!provide]                        PROVIDE (metal_segment_stack_end = .)

.heap           0x0000000080000960      0x400
                0x0000000080000960                PROVIDE (metal_segment_heap_target_start = .)
                0x0000000000000400                . = __heap_size
 *fill*         0x0000000080000960      0x400 
                0x0000000080000d60                PROVIDE (metal_segment_heap_target_end = .)
                [!provide]                        PROVIDE (_heap_end = .)
OUTPUT(timer-interrupt elf32-littleriscv)

.debug_info     0x0000000000000000    0x11676
 .debug_info    0x0000000000000000      0xd91 /tmp/ccqwvNLk.o
 .debug_info    0x0000000000000d91     0x15a1 /home/fgranados/riscv/freedom-e-sdk/bsp/sifive-hifive1-revb/install/lib/debug//libmetal.a(libriscv__mmachine__sifive-hifive1-revb_a-cpu.o)
 .debug_info    0x0000000000002332       0x22 /home/fgranados/riscv/freedom-e-sdk/bsp/sifive-hifive1-revb/install/lib/debug//libmetal.a(libriscv__mmachine__sifive-hifive1-revb_a-entry.o)
 .debug_info    0x0000000000002354     0x13cf /home/fgranados/riscv/freedom-e-sdk/bsp/sifive-hifive1-revb/install/lib/debug//libmetal.a(libriscv__mmachine__sifive-hifive1-revb_a-interrupt.o)
 .debug_info    0x0000000000003723     0x1218 /home/fgranados/riscv/freedom-e-sdk/bsp/sifive-hifive1-revb/install/lib/debug//libmetal.a(libriscv__mmachine__sifive-hifive1-revb_a-inline.o)
 .debug_info    0x000000000000493b     0x173e /home/fgranados/riscv/freedom-e-sdk/bsp/sifive-hifive1-revb/install/lib/debug//libmetal.a(libriscv__mmachine__sifive-hifive1-revb_a-riscv_clint0.o)
 .debug_info    0x0000000000006079     0x2153 /home/fgranados/riscv/freedom-e-sdk/bsp/sifive-hifive1-revb/install/lib/debug//libmetal.a(libriscv__mmachine__sifive-hifive1-revb_a-riscv_cpu.o)
 .debug_info    0x00000000000081cc     0x137e /home/fgranados/riscv/freedom-e-sdk/bsp/sifive-hifive1-revb/install/lib/debug//libmetal.a(libriscv__mmachine__sifive-hifive1-revb_a-sifive_fe310-g000_hfrosc.o)
 .debug_info    0x000000000000954a     0x137e /home/fgranados/riscv/freedom-e-sdk/bsp/sifive-hifive1-revb/install/lib/debug//libmetal.a(libriscv__mmachine__sifive-hifive1-revb_a-sifive_fe310-g000_hfxosc.o)
 .debug_info    0x000000000000a8c8     0x205c /home/fgranados/riscv/freedom-e-sdk/bsp/sifive-hifive1-revb/install/lib/debug//libmetal.a(libriscv__mmachine__sifive-hifive1-revb_a-sifive_fe310-g000_pll.o)
 .debug_info    0x000000000000c924     0x12ef /home/fgranados/riscv/freedom-e-sdk/bsp/sifive-hifive1-revb/install/lib/debug//libmetal.a(libriscv__mmachine__sifive-hifive1-revb_a-sifive_fe310-g000_prci.o)
 .debug_info    0x000000000000dc13      0x229 /home/fgranados/riscv/freedom-e-sdk/bsp/sifive-hifive1-revb/install/lib/debug//libmetal.a(libriscv__mmachine__sifive-hifive1-revb_a-clock.o)
 .debug_info    0x000000000000de3c     0x12dd /home/fgranados/riscv/freedom-e-sdk/bsp/sifive-hifive1-revb/install/lib/debug//libmetal.a(libriscv__mmachine__sifive-hifive1-revb_a-shutdown.o)
 .debug_info    0x000000000000f119     0x12b6 /home/fgranados/riscv/freedom-e-sdk/bsp/sifive-hifive1-revb/install/lib/debug//libmetal.a(libriscv__mmachine__sifive-hifive1-revb_a-fixed-clock.o)
 .debug_info    0x00000000000103cf       0x26 /home/fgranados/riscv/freedom-e-sdk/bsp/sifive-hifive1-revb/install/lib/debug//libmetal-gloss.a(crt0.o)
 .debug_info    0x00000000000103f5     0x1232 /home/fgranados/riscv/freedom-e-sdk/bsp/sifive-hifive1-revb/install/lib/debug//libmetal-gloss.a(synchronize_harts.o)
 .debug_info    0x0000000000011627       0x4f /home/fgranados/riscv/freedom-e-sdk/bsp/sifive-hifive1-revb/install/lib/debug//libmetal-gloss.a(sys_exit.o)

.debug_abbrev   0x0000000000000000     0x1ebe
 .debug_abbrev  0x0000000000000000      0x220 /tmp/ccqwvNLk.o
 .debug_abbrev  0x0000000000000220      0x272 /home/fgranados/riscv/freedom-e-sdk/bsp/sifive-hifive1-revb/install/lib/debug//libmetal.a(libriscv__mmachine__sifive-hifive1-revb_a-cpu.o)
 .debug_abbrev  0x0000000000000492       0x12 /home/fgranados/riscv/freedom-e-sdk/bsp/sifive-hifive1-revb/install/lib/debug//libmetal.a(libriscv__mmachine__sifive-hifive1-revb_a-entry.o)
 .debug_abbrev  0x00000000000004a4      0x1dc /home/fgranados/riscv/freedom-e-sdk/bsp/sifive-hifive1-revb/install/lib/debug//libmetal.a(libriscv__mmachine__sifive-hifive1-revb_a-interrupt.o)
 .debug_abbrev  0x0000000000000680      0x17e /home/fgranados/riscv/freedom-e-sdk/bsp/sifive-hifive1-revb/install/lib/debug//libmetal.a(libriscv__mmachine__sifive-hifive1-revb_a-inline.o)
 .debug_abbrev  0x00000000000007fe      0x26d /home/fgranados/riscv/freedom-e-sdk/bsp/sifive-hifive1-revb/install/lib/debug//libmetal.a(libriscv__mmachine__sifive-hifive1-revb_a-riscv_clint0.o)
 .debug_abbrev  0x0000000000000a6b      0x36b /home/fgranados/riscv/freedom-e-sdk/bsp/sifive-hifive1-revb/install/lib/debug//libmetal.a(libriscv__mmachine__sifive-hifive1-revb_a-riscv_cpu.o)
 .debug_abbrev  0x0000000000000dd6      0x23f /home/fgranados/riscv/freedom-e-sdk/bsp/sifive-hifive1-revb/install/lib/debug//libmetal.a(libriscv__mmachine__sifive-hifive1-revb_a-sifive_fe310-g000_hfrosc.o)
 .debug_abbrev  0x0000000000001015      0x23f /home/fgranados/riscv/freedom-e-sdk/bsp/sifive-hifive1-revb/install/lib/debug//libmetal.a(libriscv__mmachine__sifive-hifive1-revb_a-sifive_fe310-g000_hfxosc.o)
 .debug_abbrev  0x0000000000001254      0x3b3 /home/fgranados/riscv/freedom-e-sdk/bsp/sifive-hifive1-revb/install/lib/debug//libmetal.a(libriscv__mmachine__sifive-hifive1-revb_a-sifive_fe310-g000_pll.o)
 .debug_abbrev  0x0000000000001607      0x1e7 /home/fgranados/riscv/freedom-e-sdk/bsp/sifive-hifive1-revb/install/lib/debug//libmetal.a(libriscv__mmachine__sifive-hifive1-revb_a-sifive_fe310-g000_prci.o)
 .debug_abbrev  0x00000000000017ee      0x116 /home/fgranados/riscv/freedom-e-sdk/bsp/sifive-hifive1-revb/install/lib/debug//libmetal.a(libriscv__mmachine__sifive-hifive1-revb_a-clock.o)
 .debug_abbrev  0x0000000000001904      0x1e7 /home/fgranados/riscv/freedom-e-sdk/bsp/sifive-hifive1-revb/install/lib/debug//libmetal.a(libriscv__mmachine__sifive-hifive1-revb_a-shutdown.o)
 .debug_abbrev  0x0000000000001aeb      0x1d8 /home/fgranados/riscv/freedom-e-sdk/bsp/sifive-hifive1-revb/install/lib/debug//libmetal.a(libriscv__mmachine__sifive-hifive1-revb_a-fixed-clock.o)
 .debug_abbrev  0x0000000000001cc3       0x14 /home/fgranados/riscv/freedom-e-sdk/bsp/sifive-hifive1-revb/install/lib/debug//libmetal-gloss.a(crt0.o)
 .debug_abbrev  0x0000000000001cd7      0x19a /home/fgranados/riscv/freedom-e-sdk/bsp/sifive-hifive1-revb/install/lib/debug//libmetal-gloss.a(synchronize_harts.o)
 .debug_abbrev  0x0000000000001e71       0x4d /home/fgranados/riscv/freedom-e-sdk/bsp/sifive-hifive1-revb/install/lib/debug//libmetal-gloss.a(sys_exit.o)

.debug_aranges  0x0000000000000000      0x5e8
 .debug_aranges
                0x0000000000000000       0x28 /tmp/ccqwvNLk.o
 .debug_aranges
                0x0000000000000028       0xb0 /home/fgranados/riscv/freedom-e-sdk/bsp/sifive-hifive1-revb/install/lib/debug//libmetal.a(libriscv__mmachine__sifive-hifive1-revb_a-cpu.o)
 .debug_aranges
                0x00000000000000d8       0x30 /home/fgranados/riscv/freedom-e-sdk/bsp/sifive-hifive1-revb/install/lib/debug//libmetal.a(libriscv__mmachine__sifive-hifive1-revb_a-entry.o)
 .debug_aranges
                0x0000000000000108       0x50 /home/fgranados/riscv/freedom-e-sdk/bsp/sifive-hifive1-revb/install/lib/debug//libmetal.a(libriscv__mmachine__sifive-hifive1-revb_a-interrupt.o)
 .debug_aranges
                0x0000000000000158       0x18 /home/fgranados/riscv/freedom-e-sdk/bsp/sifive-hifive1-revb/install/lib/debug//libmetal.a(libriscv__mmachine__sifive-hifive1-revb_a-inline.o)
 .debug_aranges
                0x0000000000000170       0x78 /home/fgranados/riscv/freedom-e-sdk/bsp/sifive-hifive1-revb/install/lib/debug//libmetal.a(libriscv__mmachine__sifive-hifive1-revb_a-riscv_clint0.o)
 .debug_aranges
                0x00000000000001e8      0x1b0 /home/fgranados/riscv/freedom-e-sdk/bsp/sifive-hifive1-revb/install/lib/debug//libmetal.a(libriscv__mmachine__sifive-hifive1-revb_a-riscv_cpu.o)
 .debug_aranges
                0x0000000000000398       0x48 /home/fgranados/riscv/freedom-e-sdk/bsp/sifive-hifive1-revb/install/lib/debug//libmetal.a(libriscv__mmachine__sifive-hifive1-revb_a-sifive_fe310-g000_hfrosc.o)
 .debug_aranges
                0x00000000000003e0       0x48 /home/fgranados/riscv/freedom-e-sdk/bsp/sifive-hifive1-revb/install/lib/debug//libmetal.a(libriscv__mmachine__sifive-hifive1-revb_a-sifive_fe310-g000_hfxosc.o)
 .debug_aranges
                0x0000000000000428       0xa0 /home/fgranados/riscv/freedom-e-sdk/bsp/sifive-hifive1-revb/install/lib/debug//libmetal.a(libriscv__mmachine__sifive-hifive1-revb_a-sifive_fe310-g000_pll.o)
 .debug_aranges
                0x00000000000004c8       0x30 /home/fgranados/riscv/freedom-e-sdk/bsp/sifive-hifive1-revb/install/lib/debug//libmetal.a(libriscv__mmachine__sifive-hifive1-revb_a-sifive_fe310-g000_prci.o)
 .debug_aranges
                0x00000000000004f8       0x38 /home/fgranados/riscv/freedom-e-sdk/bsp/sifive-hifive1-revb/install/lib/debug//libmetal.a(libriscv__mmachine__sifive-hifive1-revb_a-clock.o)
 .debug_aranges
                0x0000000000000530       0x28 /home/fgranados/riscv/freedom-e-sdk/bsp/sifive-hifive1-revb/install/lib/debug//libmetal.a(libriscv__mmachine__sifive-hifive1-revb_a-shutdown.o)
 .debug_aranges
                0x0000000000000558       0x30 /home/fgranados/riscv/freedom-e-sdk/bsp/sifive-hifive1-revb/install/lib/debug//libmetal.a(libriscv__mmachine__sifive-hifive1-revb_a-fixed-clock.o)
 .debug_aranges
                0x0000000000000588       0x20 /home/fgranados/riscv/freedom-e-sdk/bsp/sifive-hifive1-revb/install/lib/debug//libmetal-gloss.a(crt0.o)
 .debug_aranges
                0x00000000000005a8       0x20 /home/fgranados/riscv/freedom-e-sdk/bsp/sifive-hifive1-revb/install/lib/debug//libmetal-gloss.a(synchronize_harts.o)
 .debug_aranges
                0x00000000000005c8       0x20 /home/fgranados/riscv/freedom-e-sdk/bsp/sifive-hifive1-revb/install/lib/debug//libmetal-gloss.a(sys_exit.o)

.debug_ranges   0x0000000000000000      0x510
 .debug_ranges  0x0000000000000000       0x18 /tmp/ccqwvNLk.o
 .debug_ranges  0x0000000000000018       0xa0 /home/fgranados/riscv/freedom-e-sdk/bsp/sifive-hifive1-revb/install/lib/debug//libmetal.a(libriscv__mmachine__sifive-hifive1-revb_a-cpu.o)
 .debug_ranges  0x00000000000000b8       0x28 /home/fgranados/riscv/freedom-e-sdk/bsp/sifive-hifive1-revb/install/lib/debug//libmetal.a(libriscv__mmachine__sifive-hifive1-revb_a-entry.o)
 .debug_ranges  0x00000000000000e0       0x40 /home/fgranados/riscv/freedom-e-sdk/bsp/sifive-hifive1-revb/install/lib/debug//libmetal.a(libriscv__mmachine__sifive-hifive1-revb_a-interrupt.o)
 .debug_ranges  0x0000000000000120       0xb0 /home/fgranados/riscv/freedom-e-sdk/bsp/sifive-hifive1-revb/install/lib/debug//libmetal.a(libriscv__mmachine__sifive-hifive1-revb_a-riscv_clint0.o)
 .debug_ranges  0x00000000000001d0      0x1a0 /home/fgranados/riscv/freedom-e-sdk/bsp/sifive-hifive1-revb/install/lib/debug//libmetal.a(libriscv__mmachine__sifive-hifive1-revb_a-riscv_cpu.o)
 .debug_ranges  0x0000000000000370       0x38 /home/fgranados/riscv/freedom-e-sdk/bsp/sifive-hifive1-revb/install/lib/debug//libmetal.a(libriscv__mmachine__sifive-hifive1-revb_a-sifive_fe310-g000_hfrosc.o)
 .debug_ranges  0x00000000000003a8       0x38 /home/fgranados/riscv/freedom-e-sdk/bsp/sifive-hifive1-revb/install/lib/debug//libmetal.a(libriscv__mmachine__sifive-hifive1-revb_a-sifive_fe310-g000_hfxosc.o)
 .debug_ranges  0x00000000000003e0       0x90 /home/fgranados/riscv/freedom-e-sdk/bsp/sifive-hifive1-revb/install/lib/debug//libmetal.a(libriscv__mmachine__sifive-hifive1-revb_a-sifive_fe310-g000_pll.o)
 .debug_ranges  0x0000000000000470       0x20 /home/fgranados/riscv/freedom-e-sdk/bsp/sifive-hifive1-revb/install/lib/debug//libmetal.a(libriscv__mmachine__sifive-hifive1-revb_a-sifive_fe310-g000_prci.o)
 .debug_ranges  0x0000000000000490       0x28 /home/fgranados/riscv/freedom-e-sdk/bsp/sifive-hifive1-revb/install/lib/debug//libmetal.a(libriscv__mmachine__sifive-hifive1-revb_a-clock.o)
 .debug_ranges  0x00000000000004b8       0x18 /home/fgranados/riscv/freedom-e-sdk/bsp/sifive-hifive1-revb/install/lib/debug//libmetal.a(libriscv__mmachine__sifive-hifive1-revb_a-shutdown.o)
 .debug_ranges  0x00000000000004d0       0x20 /home/fgranados/riscv/freedom-e-sdk/bsp/sifive-hifive1-revb/install/lib/debug//libmetal.a(libriscv__mmachine__sifive-hifive1-revb_a-fixed-clock.o)
 .debug_ranges  0x00000000000004f0       0x10 /home/fgranados/riscv/freedom-e-sdk/bsp/sifive-hifive1-revb/install/lib/debug//libmetal-gloss.a(synchronize_harts.o)
 .debug_ranges  0x0000000000000500       0x10 /home/fgranados/riscv/freedom-e-sdk/bsp/sifive-hifive1-revb/install/lib/debug//libmetal-gloss.a(sys_exit.o)

.debug_line     0x0000000000000000     0x57d2
 .debug_line    0x0000000000000000      0x30a /tmp/ccqwvNLk.o
 .debug_line    0x000000000000030a      0x71c /home/fgranados/riscv/freedom-e-sdk/bsp/sifive-hifive1-revb/install/lib/debug//libmetal.a(libriscv__mmachine__sifive-hifive1-revb_a-cpu.o)
 .debug_line    0x0000000000000a26      0x11a /home/fgranados/riscv/freedom-e-sdk/bsp/sifive-hifive1-revb/install/lib/debug//libmetal.a(libriscv__mmachine__sifive-hifive1-revb_a-entry.o)
 .debug_line    0x0000000000000b40      0x48f /home/fgranados/riscv/freedom-e-sdk/bsp/sifive-hifive1-revb/install/lib/debug//libmetal.a(libriscv__mmachine__sifive-hifive1-revb_a-interrupt.o)
 .debug_line    0x0000000000000fcf      0x32b /home/fgranados/riscv/freedom-e-sdk/bsp/sifive-hifive1-revb/install/lib/debug//libmetal.a(libriscv__mmachine__sifive-hifive1-revb_a-inline.o)
 .debug_line    0x00000000000012fa      0x9da /home/fgranados/riscv/freedom-e-sdk/bsp/sifive-hifive1-revb/install/lib/debug//libmetal.a(libriscv__mmachine__sifive-hifive1-revb_a-riscv_clint0.o)
 .debug_line    0x0000000000001cd4     0x12fe /home/fgranados/riscv/freedom-e-sdk/bsp/sifive-hifive1-revb/install/lib/debug//libmetal.a(libriscv__mmachine__sifive-hifive1-revb_a-riscv_cpu.o)
 .debug_line    0x0000000000002fd2      0x4a1 /home/fgranados/riscv/freedom-e-sdk/bsp/sifive-hifive1-revb/install/lib/debug//libmetal.a(libriscv__mmachine__sifive-hifive1-revb_a-sifive_fe310-g000_hfrosc.o)
 .debug_line    0x0000000000003473      0x489 /home/fgranados/riscv/freedom-e-sdk/bsp/sifive-hifive1-revb/install/lib/debug//libmetal.a(libriscv__mmachine__sifive-hifive1-revb_a-sifive_fe310-g000_hfxosc.o)
 .debug_line    0x00000000000038fc      0xb24 /home/fgranados/riscv/freedom-e-sdk/bsp/sifive-hifive1-revb/install/lib/debug//libmetal.a(libriscv__mmachine__sifive-hifive1-revb_a-sifive_fe310-g000_pll.o)
 .debug_line    0x0000000000004420      0x421 /home/fgranados/riscv/freedom-e-sdk/bsp/sifive-hifive1-revb/install/lib/debug//libmetal.a(libriscv__mmachine__sifive-hifive1-revb_a-sifive_fe310-g000_prci.o)
 .debug_line    0x0000000000004841      0x163 /home/fgranados/riscv/freedom-e-sdk/bsp/sifive-hifive1-revb/install/lib/debug//libmetal.a(libriscv__mmachine__sifive-hifive1-revb_a-clock.o)
 .debug_line    0x00000000000049a4      0x3c7 /home/fgranados/riscv/freedom-e-sdk/bsp/sifive-hifive1-revb/install/lib/debug//libmetal.a(libriscv__mmachine__sifive-hifive1-revb_a-shutdown.o)
 .debug_line    0x0000000000004d6b      0x43f /home/fgranados/riscv/freedom-e-sdk/bsp/sifive-hifive1-revb/install/lib/debug//libmetal.a(libriscv__mmachine__sifive-hifive1-revb_a-fixed-clock.o)
 .debug_line    0x00000000000051aa      0x219 /home/fgranados/riscv/freedom-e-sdk/bsp/sifive-hifive1-revb/install/lib/debug//libmetal-gloss.a(crt0.o)
 .debug_line    0x00000000000053c3      0x394 /home/fgranados/riscv/freedom-e-sdk/bsp/sifive-hifive1-revb/install/lib/debug//libmetal-gloss.a(synchronize_harts.o)
 .debug_line    0x0000000000005757       0x7b /home/fgranados/riscv/freedom-e-sdk/bsp/sifive-hifive1-revb/install/lib/debug//libmetal-gloss.a(sys_exit.o)

.debug_str      0x0000000000000000     0x2cc7
 .debug_str     0x0000000000000000      0x663 /tmp/ccqwvNLk.o
                                        0x83e (size before relaxing)
 .debug_str     0x0000000000000663      0xca0 /home/fgranados/riscv/freedom-e-sdk/bsp/sifive-hifive1-revb/install/lib/debug//libmetal.a(libriscv__mmachine__sifive-hifive1-revb_a-cpu.o)
                                       0x10f3 (size before relaxing)
 .debug_str     0x0000000000001303       0x4a /home/fgranados/riscv/freedom-e-sdk/bsp/sifive-hifive1-revb/install/lib/debug//libmetal.a(libriscv__mmachine__sifive-hifive1-revb_a-entry.o)
                                         0x92 (size before relaxing)
 .debug_str     0x000000000000134d      0x10f /home/fgranados/riscv/freedom-e-sdk/bsp/sifive-hifive1-revb/install/lib/debug//libmetal.a(libriscv__mmachine__sifive-hifive1-revb_a-interrupt.o)
                                        0xfad (size before relaxing)
 .debug_str     0x000000000000145c       0x47 /home/fgranados/riscv/freedom-e-sdk/bsp/sifive-hifive1-revb/install/lib/debug//libmetal.a(libriscv__mmachine__sifive-hifive1-revb_a-inline.o)
                                        0xedb (size before relaxing)
 .debug_str     0x00000000000014a3      0x2ba /home/fgranados/riscv/freedom-e-sdk/bsp/sifive-hifive1-revb/install/lib/debug//libmetal.a(libriscv__mmachine__sifive-hifive1-revb_a-riscv_clint0.o)
                                       0x118e (size before relaxing)
 .debug_str     0x000000000000175d      0xb54 /home/fgranados/riscv/freedom-e-sdk/bsp/sifive-hifive1-revb/install/lib/debug//libmetal.a(libriscv__mmachine__sifive-hifive1-revb_a-riscv_cpu.o)
                                       0x1ac7 (size before relaxing)
 .debug_str     0x00000000000022b1      0x184 /home/fgranados/riscv/freedom-e-sdk/bsp/sifive-hifive1-revb/install/lib/debug//libmetal.a(libriscv__mmachine__sifive-hifive1-revb_a-sifive_fe310-g000_hfrosc.o)
                                       0x1037 (size before relaxing)
 .debug_str     0x0000000000002435      0x157 /home/fgranados/riscv/freedom-e-sdk/bsp/sifive-hifive1-revb/install/lib/debug//libmetal.a(libriscv__mmachine__sifive-hifive1-revb_a-sifive_fe310-g000_hfxosc.o)
                                       0x1037 (size before relaxing)
 .debug_str     0x000000000000258c      0x387 /home/fgranados/riscv/freedom-e-sdk/bsp/sifive-hifive1-revb/install/lib/debug//libmetal.a(libriscv__mmachine__sifive-hifive1-revb_a-sifive_fe310-g000_pll.o)
                                       0x16e2 (size before relaxing)
 .debug_str     0x0000000000002913       0xb3 /home/fgranados/riscv/freedom-e-sdk/bsp/sifive-hifive1-revb/install/lib/debug//libmetal.a(libriscv__mmachine__sifive-hifive1-revb_a-sifive_fe310-g000_prci.o)
                                        0xf98 (size before relaxing)
 .debug_str     0x00000000000029c6       0xcb /home/fgranados/riscv/freedom-e-sdk/bsp/sifive-hifive1-revb/install/lib/debug//libmetal.a(libriscv__mmachine__sifive-hifive1-revb_a-clock.o)
                                        0x2ac (size before relaxing)
 .debug_str     0x0000000000002a91       0x80 /home/fgranados/riscv/freedom-e-sdk/bsp/sifive-hifive1-revb/install/lib/debug//libmetal.a(libriscv__mmachine__sifive-hifive1-revb_a-shutdown.o)
                                        0xf2d (size before relaxing)
 .debug_str     0x0000000000002b11       0xc9 /home/fgranados/riscv/freedom-e-sdk/bsp/sifive-hifive1-revb/install/lib/debug//libmetal.a(libriscv__mmachine__sifive-hifive1-revb_a-fixed-clock.o)
                                        0xf5d (size before relaxing)
 .debug_str     0x0000000000002bda       0x3f /home/fgranados/riscv/freedom-e-sdk/bsp/sifive-hifive1-revb/install/lib/debug//libmetal-gloss.a(crt0.o)
                                         0x93 (size before relaxing)
 .debug_str     0x0000000000002c19       0x5f /home/fgranados/riscv/freedom-e-sdk/bsp/sifive-hifive1-revb/install/lib/debug//libmetal-gloss.a(synchronize_harts.o)
                                        0xef3 (size before relaxing)
 .debug_str     0x0000000000002c78       0x4f /home/fgranados/riscv/freedom-e-sdk/bsp/sifive-hifive1-revb/install/lib/debug//libmetal-gloss.a(sys_exit.o)
                                        0x102 (size before relaxing)

.comment        0x0000000000000000       0x28
 .comment       0x0000000000000000       0x28 /tmp/ccqwvNLk.o
                                         0x29 (size before relaxing)
 .comment       0x0000000000000028       0x29 /home/fgranados/riscv/freedom-e-sdk/bsp/sifive-hifive1-revb/install/lib/debug//libmetal.a(libriscv__mmachine__sifive-hifive1-revb_a-cpu.o)
 .comment       0x0000000000000028       0x29 /home/fgranados/riscv/freedom-e-sdk/bsp/sifive-hifive1-revb/install/lib/debug//libmetal.a(libriscv__mmachine__sifive-hifive1-revb_a-interrupt.o)
 .comment       0x0000000000000028       0x29 /home/fgranados/riscv/freedom-e-sdk/bsp/sifive-hifive1-revb/install/lib/debug//libmetal.a(libriscv__mmachine__sifive-hifive1-revb_a-inline.o)
 .comment       0x0000000000000028       0x29 /home/fgranados/riscv/freedom-e-sdk/bsp/sifive-hifive1-revb/install/lib/debug//libmetal.a(libriscv__mmachine__sifive-hifive1-revb_a-riscv_clint0.o)
 .comment       0x0000000000000028       0x29 /home/fgranados/riscv/freedom-e-sdk/bsp/sifive-hifive1-revb/install/lib/debug//libmetal.a(libriscv__mmachine__sifive-hifive1-revb_a-riscv_cpu.o)
 .comment       0x0000000000000028       0x29 /home/fgranados/riscv/freedom-e-sdk/bsp/sifive-hifive1-revb/install/lib/debug//libmetal.a(libriscv__mmachine__sifive-hifive1-revb_a-sifive_fe310-g000_hfrosc.o)
 .comment       0x0000000000000028       0x29 /home/fgranados/riscv/freedom-e-sdk/bsp/sifive-hifive1-revb/install/lib/debug//libmetal.a(libriscv__mmachine__sifive-hifive1-revb_a-sifive_fe310-g000_hfxosc.o)
 .comment       0x0000000000000028       0x29 /home/fgranados/riscv/freedom-e-sdk/bsp/sifive-hifive1-revb/install/lib/debug//libmetal.a(libriscv__mmachine__sifive-hifive1-revb_a-sifive_fe310-g000_pll.o)
 .comment       0x0000000000000028       0x29 /home/fgranados/riscv/freedom-e-sdk/bsp/sifive-hifive1-revb/install/lib/debug//libmetal.a(libriscv__mmachine__sifive-hifive1-revb_a-sifive_fe310-g000_prci.o)
 .comment       0x0000000000000028       0x29 /home/fgranados/riscv/freedom-e-sdk/bsp/sifive-hifive1-revb/install/lib/debug//libmetal.a(libriscv__mmachine__sifive-hifive1-revb_a-clock.o)
 .comment       0x0000000000000028       0x29 /home/fgranados/riscv/freedom-e-sdk/bsp/sifive-hifive1-revb/install/lib/debug//libmetal.a(libriscv__mmachine__sifive-hifive1-revb_a-shutdown.o)
 .comment       0x0000000000000028       0x29 /home/fgranados/riscv/freedom-e-sdk/bsp/sifive-hifive1-revb/install/lib/debug//libmetal.a(libriscv__mmachine__sifive-hifive1-revb_a-fixed-clock.o)
 .comment       0x0000000000000028       0x29 /home/fgranados/riscv/freedom-e-sdk/bsp/sifive-hifive1-revb/install/lib/debug//libmetal-gloss.a(synchronize_harts.o)
 .comment       0x0000000000000028       0x29 /home/fgranados/riscv/toolchain/bin/../lib/gcc/riscv64-unknown-elf/8.2.0/../../../../riscv64-unknown-elf/lib/rv32imac/ilp32/libc_nano.a(lib_a-atexit.o)
 .comment       0x0000000000000028       0x29 /home/fgranados/riscv/toolchain/bin/../lib/gcc/riscv64-unknown-elf/8.2.0/../../../../riscv64-unknown-elf/lib/rv32imac/ilp32/libc_nano.a(lib_a-exit.o)
 .comment       0x0000000000000028       0x29 /home/fgranados/riscv/toolchain/bin/../lib/gcc/riscv64-unknown-elf/8.2.0/../../../../riscv64-unknown-elf/lib/rv32imac/ilp32/libc_nano.a(lib_a-fini.o)
 .comment       0x0000000000000028       0x29 /home/fgranados/riscv/toolchain/bin/../lib/gcc/riscv64-unknown-elf/8.2.0/../../../../riscv64-unknown-elf/lib/rv32imac/ilp32/libc_nano.a(lib_a-impure.o)
 .comment       0x0000000000000028       0x29 /home/fgranados/riscv/toolchain/bin/../lib/gcc/riscv64-unknown-elf/8.2.0/../../../../riscv64-unknown-elf/lib/rv32imac/ilp32/libc_nano.a(lib_a-init.o)
 .comment       0x0000000000000028       0x29 /home/fgranados/riscv/toolchain/bin/../lib/gcc/riscv64-unknown-elf/8.2.0/../../../../riscv64-unknown-elf/lib/rv32imac/ilp32/libc_nano.a(lib_a-__atexit.o)
 .comment       0x0000000000000028       0x29 /home/fgranados/riscv/toolchain/bin/../lib/gcc/riscv64-unknown-elf/8.2.0/../../../../riscv64-unknown-elf/lib/rv32imac/ilp32/libc_nano.a(lib_a-__call_atexit.o)
 .comment       0x0000000000000028       0x29 /home/fgranados/riscv/freedom-e-sdk/bsp/sifive-hifive1-revb/install/lib/debug//libmetal-gloss.a(sys_exit.o)

.riscv.attributes
                0x0000000000000000       0x29
 .riscv.attributes
                0x0000000000000000       0x29 /tmp/ccqwvNLk.o
 .riscv.attributes
                0x0000000000000029       0x29 /home/fgranados/riscv/freedom-e-sdk/bsp/sifive-hifive1-revb/install/lib/debug//libmetal.a(libriscv__mmachine__sifive-hifive1-revb_a-cpu.o)
 .riscv.attributes
                0x0000000000000052       0x29 /home/fgranados/riscv/freedom-e-sdk/bsp/sifive-hifive1-revb/install/lib/debug//libmetal.a(libriscv__mmachine__sifive-hifive1-revb_a-entry.o)
 .riscv.attributes
                0x000000000000007b       0x29 /home/fgranados/riscv/freedom-e-sdk/bsp/sifive-hifive1-revb/install/lib/debug//libmetal.a(libriscv__mmachine__sifive-hifive1-revb_a-interrupt.o)
 .riscv.attributes
                0x00000000000000a4       0x29 /home/fgranados/riscv/freedom-e-sdk/bsp/sifive-hifive1-revb/install/lib/debug//libmetal.a(libriscv__mmachine__sifive-hifive1-revb_a-inline.o)
 .riscv.attributes
                0x00000000000000cd       0x29 /home/fgranados/riscv/freedom-e-sdk/bsp/sifive-hifive1-revb/install/lib/debug//libmetal.a(libriscv__mmachine__sifive-hifive1-revb_a-riscv_clint0.o)
 .riscv.attributes
                0x00000000000000f6       0x29 /home/fgranados/riscv/freedom-e-sdk/bsp/sifive-hifive1-revb/install/lib/debug//libmetal.a(libriscv__mmachine__sifive-hifive1-revb_a-riscv_cpu.o)
 .riscv.attributes
                0x000000000000011f       0x29 /home/fgranados/riscv/freedom-e-sdk/bsp/sifive-hifive1-revb/install/lib/debug//libmetal.a(libriscv__mmachine__sifive-hifive1-revb_a-sifive_fe310-g000_hfrosc.o)
 .riscv.attributes
                0x0000000000000148       0x29 /home/fgranados/riscv/freedom-e-sdk/bsp/sifive-hifive1-revb/install/lib/debug//libmetal.a(libriscv__mmachine__sifive-hifive1-revb_a-sifive_fe310-g000_hfxosc.o)
 .riscv.attributes
                0x0000000000000171       0x29 /home/fgranados/riscv/freedom-e-sdk/bsp/sifive-hifive1-revb/install/lib/debug//libmetal.a(libriscv__mmachine__sifive-hifive1-revb_a-sifive_fe310-g000_pll.o)
 .riscv.attributes
                0x000000000000019a       0x29 /home/fgranados/riscv/freedom-e-sdk/bsp/sifive-hifive1-revb/install/lib/debug//libmetal.a(libriscv__mmachine__sifive-hifive1-revb_a-sifive_fe310-g000_prci.o)
 .riscv.attributes
                0x00000000000001c3       0x29 /home/fgranados/riscv/freedom-e-sdk/bsp/sifive-hifive1-revb/install/lib/debug//libmetal.a(libriscv__mmachine__sifive-hifive1-revb_a-clock.o)
 .riscv.attributes
                0x00000000000001ec       0x29 /home/fgranados/riscv/freedom-e-sdk/bsp/sifive-hifive1-revb/install/lib/debug//libmetal.a(libriscv__mmachine__sifive-hifive1-revb_a-shutdown.o)
 .riscv.attributes
                0x0000000000000215       0x29 /home/fgranados/riscv/freedom-e-sdk/bsp/sifive-hifive1-revb/install/lib/debug//libmetal.a(libriscv__mmachine__sifive-hifive1-revb_a-fixed-clock.o)
 .riscv.attributes
                0x000000000000023e       0x29 /home/fgranados/riscv/freedom-e-sdk/bsp/sifive-hifive1-revb/install/lib/debug//libmetal-gloss.a(crt0.o)
 .riscv.attributes
                0x0000000000000267       0x29 /home/fgranados/riscv/freedom-e-sdk/bsp/sifive-hifive1-revb/install/lib/debug//libmetal-gloss.a(synchronize_harts.o)
 .riscv.attributes
                0x0000000000000290       0x29 /home/fgranados/riscv/toolchain/bin/../lib/gcc/riscv64-unknown-elf/8.2.0/../../../../riscv64-unknown-elf/lib/rv32imac/ilp32/libc_nano.a(lib_a-atexit.o)
 .riscv.attributes
                0x00000000000002b9       0x29 /home/fgranados/riscv/toolchain/bin/../lib/gcc/riscv64-unknown-elf/8.2.0/../../../../riscv64-unknown-elf/lib/rv32imac/ilp32/libc_nano.a(lib_a-exit.o)
 .riscv.attributes
                0x00000000000002e2       0x29 /home/fgranados/riscv/toolchain/bin/../lib/gcc/riscv64-unknown-elf/8.2.0/../../../../riscv64-unknown-elf/lib/rv32imac/ilp32/libc_nano.a(lib_a-fini.o)
 .riscv.attributes
                0x000000000000030b       0x29 /home/fgranados/riscv/toolchain/bin/../lib/gcc/riscv64-unknown-elf/8.2.0/../../../../riscv64-unknown-elf/lib/rv32imac/ilp32/libc_nano.a(lib_a-impure.o)
 .riscv.attributes
                0x0000000000000334       0x29 /home/fgranados/riscv/toolchain/bin/../lib/gcc/riscv64-unknown-elf/8.2.0/../../../../riscv64-unknown-elf/lib/rv32imac/ilp32/libc_nano.a(lib_a-init.o)
 .riscv.attributes
                0x000000000000035d       0x29 /home/fgranados/riscv/toolchain/bin/../lib/gcc/riscv64-unknown-elf/8.2.0/../../../../riscv64-unknown-elf/lib/rv32imac/ilp32/libc_nano.a(lib_a-__atexit.o)
 .riscv.attributes
                0x0000000000000386       0x29 /home/fgranados/riscv/toolchain/bin/../lib/gcc/riscv64-unknown-elf/8.2.0/../../../../riscv64-unknown-elf/lib/rv32imac/ilp32/libc_nano.a(lib_a-__call_atexit.o)
 .riscv.attributes
                0x00000000000003af       0x29 /home/fgranados/riscv/freedom-e-sdk/bsp/sifive-hifive1-revb/install/lib/debug//libmetal-gloss.a(sys_exit.o)

.debug_frame    0x0000000000000000     0x1330
 .debug_frame   0x0000000000000000       0x5c /tmp/ccqwvNLk.o
 .debug_frame   0x000000000000005c      0x2b0 /home/fgranados/riscv/freedom-e-sdk/bsp/sifive-hifive1-revb/install/lib/debug//libmetal.a(libriscv__mmachine__sifive-hifive1-revb_a-cpu.o)
 .debug_frame   0x000000000000030c      0x10c /home/fgranados/riscv/freedom-e-sdk/bsp/sifive-hifive1-revb/install/lib/debug//libmetal.a(libriscv__mmachine__sifive-hifive1-revb_a-interrupt.o)
 .debug_frame   0x0000000000000418      0x1dc /home/fgranados/riscv/freedom-e-sdk/bsp/sifive-hifive1-revb/install/lib/debug//libmetal.a(libriscv__mmachine__sifive-hifive1-revb_a-riscv_clint0.o)
 .debug_frame   0x00000000000005f4      0x70c /home/fgranados/riscv/freedom-e-sdk/bsp/sifive-hifive1-revb/install/lib/debug//libmetal.a(libriscv__mmachine__sifive-hifive1-revb_a-riscv_cpu.o)
 .debug_frame   0x0000000000000d00       0xd8 /home/fgranados/riscv/freedom-e-sdk/bsp/sifive-hifive1-revb/install/lib/debug//libmetal.a(libriscv__mmachine__sifive-hifive1-revb_a-sifive_fe310-g000_hfrosc.o)
 .debug_frame   0x0000000000000dd8       0xd8 /home/fgranados/riscv/freedom-e-sdk/bsp/sifive-hifive1-revb/install/lib/debug//libmetal.a(libriscv__mmachine__sifive-hifive1-revb_a-sifive_fe310-g000_hfxosc.o)
 .debug_frame   0x0000000000000eb0      0x254 /home/fgranados/riscv/freedom-e-sdk/bsp/sifive-hifive1-revb/install/lib/debug//libmetal.a(libriscv__mmachine__sifive-hifive1-revb_a-sifive_fe310-g000_pll.o)
 .debug_frame   0x0000000000001104       0x78 /home/fgranados/riscv/freedom-e-sdk/bsp/sifive-hifive1-revb/install/lib/debug//libmetal.a(libriscv__mmachine__sifive-hifive1-revb_a-sifive_fe310-g000_prci.o)
 .debug_frame   0x000000000000117c       0x98 /home/fgranados/riscv/freedom-e-sdk/bsp/sifive-hifive1-revb/install/lib/debug//libmetal.a(libriscv__mmachine__sifive-hifive1-revb_a-clock.o)
 .debug_frame   0x0000000000001214       0x48 /home/fgranados/riscv/freedom-e-sdk/bsp/sifive-hifive1-revb/install/lib/debug//libmetal.a(libriscv__mmachine__sifive-hifive1-revb_a-shutdown.o)
 .debug_frame   0x000000000000125c       0x78 /home/fgranados/riscv/freedom-e-sdk/bsp/sifive-hifive1-revb/install/lib/debug//libmetal.a(libriscv__mmachine__sifive-hifive1-revb_a-fixed-clock.o)
 .debug_frame   0x00000000000012d4       0x30 /home/fgranados/riscv/freedom-e-sdk/bsp/sifive-hifive1-revb/install/lib/debug//libmetal-gloss.a(synchronize_harts.o)
 .debug_frame   0x0000000000001304       0x2c /home/fgranados/riscv/freedom-e-sdk/bsp/sifive-hifive1-revb/install/lib/debug//libmetal-gloss.a(sys_exit.o)
